mary
patricia
linda
barbara
elizabeth
jennifer
maria
susan
margaret
dorothy
lisa
nancy
karen
betty
helen
sandra
donna
carol
ruth
sharon
laura
sarah
kimberly
deborah
jessica
shirley
cynthia
angela
melissa
brenda
amy
anna
rebecca
kathleen
pamela
martha
amanda
stephanie
carolyn
marie
janet
catherine
frances
ann
joyce
diane
alice
julie
heather
teresa
doris
gloria
evelyn
jean
cheryl
mildred
katherine
joan
ashley
judith
rose
janice
kelly
nicole
judy
kathy
theresa
beverly
denise
tammy
irene
jane
lori
rachel
marilyn
andrea
kathryn
louise
sara
anne
jacqueline
wanda
bonnie
julia
ruby
lois
tina
phyllis
norma
paula
diana
annie
lillian
emily
peggy
crystal
gladys
rita
connie
florence
tracy
edna
tiffany
carmen
rosa
cindy
grace
wendy
victoria
edith
kim
sherry
sylvia
josephine
thelma
shannon
sheila
ethel
ellen
elaine
marjorie
carrie
charlotte
monica
esther
pauline
emma
juanita
anita
hazel
amber
eva
april
leslie
clara
lucille
jamie
joanne
eleanor
valerie
danielle
megan
alicia
suzanne
michele
gail
bertha
darlene
jill
erin
geraldine
lauren
cathy
joann
lorraine
lynn
sally
erica
beatrice
dolores
bernice
audrey
yvonne
annette
marion
dana
stacy
ana
renee
ida
vivian
roberta
brittany
melanie
loretta
yolanda
jeanette
laurie
katie
kristen
vanessa
alma
sue
elsie
beth
jeanne
vicki
carla
tara
rosemary
eileen
terri
gertrude
lucy
tonya
ella
stacey
wilma
kristin
jessie
natalie
agnes
vera
charlene
bessie
delores
melinda
pearl
arlene
maureen
colleen
allison
tamara
joy
georgia
constance
lillie
claudia
jackie
marcia
tanya
nellie
minnie
marlene
heidi
glenda
lydia
viola
courtney
marian
stella
caroline
dora
vickie
mattie
maxine
irma
mabel
marsha
myrtle
lena
deanna
patsy
hilda
gwendolyn
jennie
nora
nina
leah
penny
kay
priscilla
naomi
carole
olga
dianne
tracey
leona
jenny
felicia
sonia
miriam
velma
violet
kristina
toni
misty
mae
daisy
ramona
sherri
erika
katrina
claire
lindsey
lindsay
geneva
guadalupe
belinda
margarita
sheryl
cora
faye
ada
sabrina
isabel
marguerite
hattie
harriet
molly
cecilia
kristi
blanche
sandy
rosie
joanna
iris
eunice
inez
lynda
amelia
alberta
genevieve
monique
jodi
janie
kayla
sonya
jan
kristine
candace
fannie
maryann
opal
alison
yvette
melody
luz
susie
olivia
flora
kristy
mamie
lula
lola
verna
beulah
antoinette
candice
juana
jeannette
pam
kelli
bridget
karla
celia
latoya
patty
shelia
della
lynne
sheri
marianne
kara
jacquelyn
erma
blanca
myra
leticia
pat
krista
roxanne
angelica
robyn
adrienne
rosalie
alexandra
brooke
bethany
bernadette
traci
jody
kendra
rachael
mable
ernestine
muriel
marcella
elena
krystal
angelina
nadine
kari
estelle
dianna
paulette
lora
mona
doreen
rosemarie
antonia
janis
betsy
freda
meredith
lynette
teri
cristina
eula
leigh
meghan
sophia
eloise
gretchen
cecelia
raquel
henrietta
alyssa
jana
gwen
jenna
tricia
laverne
olive
tasha
silvia
elvira
delia
kate
patti
lorena
kellie
sonja
lila
lana
darla
mindy
essie
mandy
lorene
elsa
josefina
jeannie
miranda
lucia
marta
lela
johanna
shari
camille
tami
elisa
ebony
melba
ora
nettie
ollie
winifred
kristie
alisha
aimee
rena
myrna
marla
tammie
latasha
bonita
patrice
ronda
sherrie
francine
deloris
stacie
adriana
cheri
celeste
cara
adele
rebekah
lucinda
dorthy
effie
trina
reba
sallie
aurora
lenora
etta
lottie
kerri
trisha
nikki
estella
francisca
josie
tracie
marissa
karin
brittney
janelle
lourdes
laurel
helene
fern
elva
corinne
kelsey
ina
bettie
elisabeth
aida
caitlin
ingrid
iva
maude
jenifer
therese
dena
lorna
janette
latonya
candy
consuelo
tamika
rosetta
debora
cherie
polly
dina
fay
jillian
dorothea
nell
trudy
esperanza
patrica
kimberley
shanna
helena
cleo
stefanie
rosario
ola
janine
mollie
lupe
alisa
lou
maribel
susanne
bette
susana
elise
cecile
isabelle
lesley
jocelyn
paige
joni
leola
daphne
alta
ester
petra
graciela
imogene
jolene
keisha
lacey
glenna
gabriela
keri
ursula
lizzie
kirsten
shana
adeline
mayra
jayne
jaclyn
gracie
sondra
carmela
marisa
rosalind
charity
tonia
beatriz
marisol
clarice
jeanine
sheena
angeline
frieda
lily
shauna
millie
claudette
cathleen
angelia
gabrielle
autumn
katharine
staci
lea
justine
elma
luella
margret
dominique
socorro
martina
margo
mavis
callie
maritza
lucile
leanne
jeannine
deana
aileen
lorie
ladonna
willa
manuela
gale
selma
dolly
abby
ivy
dee
winnie
marcy
luisa
jeri
magdalena
ofelia
meagan
audra
matilda
leila
cornelia
simone
bettye
randi
virgie
latisha
eliza
leann
bridgette
haley
adela
nola
bernadine
flossie
ila
greta
ruthie
nelda
minerva
lilly
terrie
letha
hilary
estela
valarie
brianna
rosalyn
earline
catalina
ava
mia
clarissa
lidia
corrine
alexandria
concepcion
tia
sharron
rae
dona
ericka
jami
elnora
chandra
lenore
neva
marylou
melisa
tabatha
serena
avis
allie
sofia
jeanie
odessa
nannie
harriett
loraine
penelope
milagros
emilia
benita
allyson
ashlee
tania
esmeralda
eve
pearlie
zelma
malinda
noreen
tameka
saundra
hillary
amie
althea
rosalinda
lilia
alana
clare
alejandra
elinor
lorrie
jerri
darcy
earnestine
carmella
noemi
marcie
liza
annabelle
louisa
earlene
mallory
carlene
nita
selena
tanisha
katy
julianne
lakisha
edwina
maricela
margery
kenya
dollie
roxie
roslyn
kathrine
nanette
charmaine
lavonne
ilene
tammi
suzette
corine
kaye
chrystal
lina
deanne
lilian
juliana
aline
luann
kasey
maryanne
evangeline
colette
melva
lawanda
yesenia
nadia
kathie
ophelia
valeria
nona
mitzi
mari
georgette
claudine
fran
alissa
roseann
lakeisha
susanna
reva
deidre
chasity
sheree
elvia
alyce
deirdre
gena
briana
araceli
katelyn
rosanne
wendi
tessa
berta
marva
imelda
marietta
marci
leonor
arline
sasha
janna
juliette
deena
aurelia
josefa
augusta
liliana
lessie
amalia
savannah
anastasia
vilma
natalia
rosella
lynnette
corina
alfreda
leanna
amparo
coleen
tamra
aisha
wilda
karyn
maura
mai
evangelina
rosanna
hallie
erna
enid
mariana
lacy
juliet
jacklyn
freida
mara
cathryn
lelia
casandra
bridgett
angelita
jannie
dionne
annmarie
katina
beryl
millicent
katheryn
diann
carissa
maryellen
liz
lauri
helga
gilda
rhea
marquita
tisha
tamera
angelique
francesca
kaitlin
florine
rowena
reyna
twila
fanny
janell
ines
concetta
bertie
alba
brigitte
alyson
vonda
elba
noelle
deann
louella
leta
felecia
sharlene
lesa
beverley
isabella
herminia
terra
celina
tori
octavia
denice
germaine
cortney
nelly
doretha
deidra
monika
judi
chelsey
antionette
margot
leeann
elisha
dessie
libby
kathi
latanya
mina
mellisa
kimberlee
jasmin
renae
zelda
elda
justina
gussie
emilie
camilla
rocio
kaitlyn
edythe
ashleigh
selina
lakesha
geri
allene
pamala
michaela
dayna
caryn
rosalia
jacquline
rebeca
marybeth
krystle
iola
dottie
belle
griselda
ernestina
elida
adrianne
demetria
delma
jaqueline
arleen
retha
tillie
eleanore
cari
treva
wilhelmina
rosalee
latrice
jena
taryn
elia
debby
jeanna
delilah
catrina
theodora
teresita
danette
delphine
brianne
nilda
danna
cindi
bess
iona
winona
vida
rosita
marianna
racheal
guillermina
eloisa
celestine
caren
malissa
lona
chantel
marisela
leora
agatha
soledad
migdalia
ivette
athena
janel
veda
pattie
tessie
tera
marilynn
lucretia
karrie
dinah
daniela
alecia
adelina
vernice
shiela
portia
merry
dara
tawana
verda
alene
zella
sandi
rafaela
maya
kira
candida
alvina
suzan
shayla
lettie
samatha
matilde
larissa
vesta
renita
delois
shanda
phillis
lorri
erlinda
cathrine
barb
isabell
ione
gisela
roxanna
mayme
kisha
ellie
mellissa
dorris
dalia
bella
annetta
zoila
reta
reina
lauretta
pilar
charla
elissa
tiffani
tana
paulina
leota
breanna
jayme
carmel
vernell
tomasa
mandi
dominga
santa
lura
alexa
tamela
mirna
kerrie
venus
felicita
cristy
carmelita
berniece
annemarie
tiara
roseanne
missy
cori
roxana
kristal
jung
elyse
haydee
aletha
bettina
marge
gillian
filomena
zenaida
harriette
caridad
vada
aretha
pearline
marjory
marcela
flor
evette
elouise
alina
damaris
catharine
belva
nakia
marlena
luanne
lorine
karon
dorene
danita
brenna
tatiana
louann
julianna
andria
philomena
lucila
leonora
dovie
romona
mimi
jacquelin
tonja
misti
stacia
roxann
micaela
velda
marlys
johnna
aura
ivonne
hayley
nicki
majorie
herlinda
yadira
perla
gregoria
antonette
mozelle
mariah
joelle
cordelia
josette
chiquita
trista
laquita
georgiana
candi
shanon
hildegard
stephany
magda
karol
gabriella
tiana
roma
oleta
jacque
idella
alaina
suzanna
jovita
tosha
nereida
marlyn
delfina
tena
stephenie
nathalie
marcelle
gertie
darleen
thea
sharonda
shantel
belen
venessa
rosalina
genoveva
clementine
rosalba
renate
renata
georgianna
floy
dorcas
ariana
tyra
theda
mariam
juli
jesica
vikki
verla
roselyn
melvina
jannette
corrie
violeta
myrtis
latricia
collette
charleen
anissa
viviana
twyla
nedra
latonia
annamarie
adell
sharyn
chantal
niki
maud
lizette
lindy
kesha
jeana
danelle
charline
chanel
valorie
dortha
cristal
sunny
leone
leilani
gerri
andra
keshia
eulalia
easter
dulce
natividad
linnie
kami
georgie
catina
brook
alda
winnifred
sharla
ruthann
meaghan
magdalene
lissette
venita
trena
shirlene
shameka
elizebeth
dian
shanta
latosha
carlotta
windy
rosina
mariann
leisa
jonnie
cathie
astrid
laureen
janeen
vickey
teressa
shante
rubye
marcelina
chanda
terese
scarlett
marnie
lulu
lisette
jeniffer
elenor
dorinda
donita
carman
bernita
altagracia
aleta
adrianna
zoraida
lyndsey
janina
starla
phylis
phuong
charisse
blanch
sanjuanita
rona
nanci
marilee
maranda
brigette
sanjuana
marita
joycelyn
felipa
chelsie
bonny
mireya
lorenza
ileana
candelaria
sherie
lucie
leatrice
lakeshia
gerda
marylin
lavon
garnet
evie
tressa
shayna
lavina
jeanetta
sherrill
shara
phyliss
mittie
anabel
alesia
thuy
tawanda
joanie
tiffanie
lashanda
karissa
enriqueta
daria
daniella
corinna
alanna
abbey
roxane
roseanna
magnolia
lida
joellen
carleen
tresa
peggie
novella
nila
maybelle
jenelle
carina
nova
melina
marquerite
margarette
josephina
evonne
cinthia
toya
sherita
myriam
lizabeth
lise
keely
jenni
giselle
cheryle
ardith
ardis
alesha
adriane
shaina
linnea
karolyn
felisha
dori
darci
artie
armida
zola
xiomara
vergie
shamika
nena
nannette
maxie
lovie
jeane
jaimie
inge
farrah
elaina
caitlyn
felicitas
cherly
caryl
yolonda
yasmin
teena
prudence
pennie
nydia
mackenzie
orpha
marvel
lizbeth
laurette
jerrie
hermelinda
carolee
tierra
mirian
meta
melony
kori
jennette
jamila
yoshiko
susannah
salina
rhiannon
joleen
cristine
ashton
aracely
tomeka
shalonda
marti
lacie
kala
jada
ilse
hailey
brittani
zona
syble
sherryl
nidia
marlo
kandice
kandi
alycia
ronna
norene
mercy
ingeborg
giovanna
gemma
audry
zora
vita
trish
stephaine
shirlee
shanika
melonie
mazie
jazmin
inga
hettie
geralyn
fonda
estrella
adella
sarita
rina
milissa
maribeth
golda
evon
ethelyn
enedina
cherise
chana
velva
tawanna
sade
mirta
karie
jacinta
elna
davina
cierra
ashlie
albertha
tanesha
nelle
mindi
lorinda
larue
florene
demetra
dedra
ciara
chantelle
ashly
suzy
rosalva
noelia
lyda
leatha
krystyna
kristan
karri
darline
darcie
cinda
cherrie
awilda
almeda
rolanda
lanette
jerilyn
gisele
evalyn
cyndi
cleta
carin
zina
zena
velia
tanika
charissa
talia
margarete
lavonda
kaylee
kathlene
jonna
irena
ilona
idalia
candis
candance
anitra
alida
sigrid
nicolette
maryjo
linette
hedwig
alexia
tressie
modesta
lupita
lita
gladis
evelia
davida
cherri
cecily
ashely
annabel
agustina
wanita
shirly
rosaura
hulda
yetta
sibyl
shannan
leandra
lani
kandy
jolynn
ferne
eboni
corene
alysia
zula
nada
moira
lyndsay
lorretta
jammie
adria
vina
vicenta
stephine
norine
nella
liana
leslee
kimberely
iliana
glory
felica
emogene
elfriede
eden
eartha
carma
ocie
lennie
kiara
jacalyn
carlota
arielle
otilia
kirstin
kacey
johnetta
joetta
jeraldine
jaunita
elana
dorthea
cami
adelia
vernita
tamar
siobhan
renea
rashida
ouida
nilsa
meryl
kristyn
julieta
danica
breanne
aurea
anglea
sherron
odette
malia
lorelei
leesa
kenna
kathlyn
fiona
charlette
suzie
shantell
racquel
myong
mira
martine
lucienne
lavada
juliann
elvera
delphia
charolette
carri
asha
angella
paola
ninfa
leda
stefani
shanell
palma
lissa
kecia
kathryne
karlene
julissa
jettie
jenniffer
corrina
carolann
alena
rosaria
myrtice
marylee
liane
kenyatta
janey
elmira
eldora
denna
cristi
cathi
zaida
vonnie
viva
vernie
rosaline
mariela
luciana
lesli
karan
felice
deneen
adina
wynona
tarsha
shanita
shani
shandra
randa
pinkie
nelida
marilou
lyla
laurene
laci
janene
dorotha
daniele
dani
carolynn
carlyn
berenice
ayesha
alethea
thersa
tamiko
rufina
oliva
mozell
marylyn
kristian
kathyrn
kasandra
kandace
janae
domenica
dannielle
chun
arcelia
sharen
sharee
lavinia
kacie
jackeline
huong
felisa
emelia
eleanora
cythia
cristin
claribel
anastacia
zulma
zandra
yoko
tenisha
susann
sherilyn
shay
shawanda
romana
mathilda
linsey
keiko
joana
isela
gretta
georgetta
desirae
delora
corazon
antonina
anika
willene
tracee
tamatha
mickie
maegan
luana
lanita
kelsie
edelmira
bree
afton
teodora
tamie
shena
linh
keli
kaci
danyelle
arlette
albertine
adelle
tiffiny
simona
nicolasa
nakisha
maira
loreen
kizzy
fallon
bobbye
ying
vincenza
tanja
roni
queenie
margarett
kimberli
irmgard
idell
hilma
evelina
esta
emilee
dennise
dania
carie
risa
rikki
particia
masako
luvenia
loree
loni
lien
gigi
florencia
denita
tomika
sharita
rana
nikole
neoma
margarite
lucina
laila
kali
jenette
gabriele
evelyne
elenora
clementina
alejandrina
zulema
violette
vannessa
thresa
retta
patience
noella
nickie
jonell
chaya
camelia
bethel
anya
suzann
mila
lilla
laverna
keesha
kattie
georgene
eveline
estell
elizbeth
vivienne
vallie
stephane
magaly
kenyetta
karren
janetta
hermine
drucilla
celestina
britni
beckie
amina
zita
yolande
vivien
vernetta
trudi
pearle
patrina
ossie
nicolle
loyce
letty
katharina
joselyn
jonelle
jenell
iesha
heide
florinda
florentina
elodia
dorine
brunilda
brigid
ashli
ardella
twana
tarah
serina
rayna
ramonita
margurite
lucrecia
kourtney
kati
jesenia
crista
ayana
alica
alia
vinnie
suellen
romelia
olympia
michiko
kathaleen
jolie
jessi
janessa
hana
elease
carletta
britany
salome
rosamond
regena
raina
ngoc
nelia
louvenia
lesia
latrina
laticia
jina
jacki
emmy
deeann
coretta
arnetta
thalia
shanice
neta
mikki
micki
lonna
leana
lashunda
kiley
joye
jacqulyn
ignacia
hyun
hiroko
henriette
elayne
delinda
dahlia
coreen
consuela
conchita
ayanna
anette
albertina
shaneka
quiana
pamelia
merri
merlene
margit
kiesha
kiera
kaylene
jodee
jenise
erlene
emmie
dalila
daisey
casie
belia
babara
versie
vanesa
shelba
nikia
naoma
marna
margeret
lawana
kindra
jutta
jazmine
janett
hannelore
glendora
gertrud
garnett
freeda
frederica
florance
flavia
carline
beverlee
anjanette
valda
tamala
sarina
oneida
merilyn
marleen
lurline
lenna
katherin
jeni
gracia
glady
farah
enola
dominque
devona
delana
cecila
alysha
alethia
vena
theresia
shakira
samara
sachiko
rachele
pamella
marni
mariel
maren
malisa
ligia
lera
latoria
larae
kimber
kathern
karey
jennefer
janeth
halina
fredia
delisa
debroah
ciera
angelika
andree
altha
vivan
terresa
tanna
signe
salena
ronni
rebbecca
myrtie
malika
maida
leonarda
kayleigh
ethyl
ellyn
dayle
cammie
brittni
avelina
asuncion
arianna
akiko
venice
tyesha
tonie
tiesha
takisha
steffanie
sindy
meghann
manda
macie
kellye
kellee
joslyn
inger
indira
glinda
glennis
fernanda
faustina
eneida
elicia
digna
dell
arletta
willia
tammara
tabetha
sherrell
sari
rebbeca
pauletta
natosha
nakita
mammie
kenisha
earlean
daphine
corliss
clotilde
carolyne
bernetta
augustina
audrea
annis
annabell
tennille
tamica
selene
rosana
qiana
markita
macy
leeanne
jessenia
janita
emiko
elvie
deandra
dagmar
corie
collen
cherish
romaine
porsha
pearlene
micheline
merna
margorie
margaretta
lore
jenine
hermina
fredericka
elke
drusilla
dorathy
dione
celena
brigida
allegra
tamekia
synthia
sook
slyvia
rosann
reatha
raye
marquetta
margart
ling
layla
kiana
kayleen
katlyn
karmen
joella
emelda
eleni
detra
clemmie
cheryll
chantell
cathey
arnita
arla
angle
angelic
alyse
zofia
tennie
sherly
sherley
sharyl
remedios
petrina
nickole
myung
myrle
mozella
louanne
lisha
latia
krysta
julienne
jeanene
jacqualine
isaura
gwenda
earleen
cleopatra
carlie
antonietta
alise
verdell
tomoko
thao
talisha
shemika
savanna
santina
rosia
raeann
odilia
nana
minna
magan
lynelle
karma
joeann
ivana
inell
ilana
gudrun
dreama
crissy
chante
carmelina
arvilla
annamae
alvera
aleida
yanira
vanda
tianna
stefania
shira
nicol
nancie
monserrate
melynda
melany
lovella
laure
kacy
jacquelynn
hyon
gertha
eliana
charise
caterina
carley
candyce
arlena
ammie
willette
vanita
tuyet
syreeta
penney
nyla
maryam
marya
magen
loma
livia
lanell
kimberlie
julee
donetta
denisha
deane
clarine
cherryl
bronwyn
valery
tonda
sueann
soraya
shela
sharleen
shanelle
nerissa
meridith
mellie
maye
maple
magaret
lili
leonila
leonie
leeanna
lavonia
lavera
kristel
kathey
kathe
jann
ilda
hildred
hildegarde
evelin
ermelinda
elly
dung
doloris
dionna
danae
berneice
annice
alix
verena
shawana
shaunna
rozella
randee
ranae
milagro
lynell
luise
loida
lisbeth
karleen
junita
jona
isis
hyacinth
hedy
gwenn
ethelene
erline
donya
domonique
delicia
dannette
cicely
blythe
bethann
ashlyn
annalee
alline
vella
trang
towanda
tesha
sherlyn
narcisa
miguelina
meri
maybell
marlana
marguerita
lory
loriann
leonore
leighann
laurice
latesha
laronda
katrice
kasie
kaley
jadwiga
glennie
gearldine
francina
epifania
dyan
dorie
denese
demetrice
delena
cristie
cleora
catarina
carisa
barbera
almeta
trula
tereasa
solange
sheilah
sanora
mathilde
margareta
maia
lynsey
lawanna
launa
kena
keena
katia
glynda
elvina
elanor
danuta
danika
cristen
coletta
clarita
carmon
brynn
azucena
aundrea
angele
verlie
verlene
tamesha
silvana
sebrina
samira
reda
raylene
penni
norah
noma
mireille
melissia
maryalice
laraine
kimbery
karyl
karine
jolanda
johana
jaleesa
jacquelyne
iluminada
hilaria
hanh
gennie
francie
floretta
exie
edda
drema
delpha
barbar
ardell
annalisa
alisia
yolando
wonda
waltraud
veta
temeka
tameika
shirleen
shenita
piedad
ozella
mirtha
marilu
kimiko
juliane
jenice
janay
jacquiline
hilde
elois
devorah
chau
brinda
betsey
arminda
aracelis
apryl
annett
alishia
veola
usha
toshiko
theola
tashia
talitha
shery
renetta
reiko
rasheeda
obdulia
mika
melaine
meggan
marlen
marget
marceline
mana
magdalen
latashia
lasandra
kelle
isidra
inocencia
gwyn
francoise
erminia
erinn
dimple
devora
criselda
armanda
arie
ariane
angelena
aliza
adriene
adaline
xochitl
twanna
tomiko
tamisha
taisha
susy
rutha
noriko
natashia
merrie
marinda
mariko
margert
loris
lizzette
leisha
kaila
joannie
jerrica
jene
jannet
janee
jacinda
herta
elenore
doretta
delaine
daniell
britta
apolonia
amberly
alease
yuri
waneta
tomi
sharri
roselle
reynalda
raguel
phylicia
patria
olimpia
odelia
mitzie
minda
mignon
mica
mendy
marivel
maile
lynetta
lavette
lauryn
latrisha
lakiesha
kiersten
kary
josphine
jolyn
jetta
janise
jacquie
ivelisse
glynis
gianna
danyell
danille
dacia
cher
ceola
arianne
aleshia
yung
trinh
sherika
shemeka
shaunda
roseline
ricki
melda
mallie
lavonna
laquanda
lala
klara
kandis
johna
jeanmarie
jaye
grayce
gertude
emerita
ebonie
clorinda
chery
carola
breann
blossom
bernardine
becki
arletha
argelia
alita
yulanda
yessenia
tasia
sylvie
shirl
shirely
shantelle
sacha
rebecka
providencia
paulene
misha
miki
marline
marica
lorita
latoyia
lasonya
kerstin
kenda
keitha
kathrin
jaymie
gricelda
eryn
elina
elfrieda
danyel
cheree
chanelle
barrie
aurore
annamaria
alleen
ailene
aide
yasmine
vashti
treasa
tiffaney
sheryll
sharie
shanae
raisa
neda
mirella
milda
maryanna
maragret
mabelle
luetta
lorina
letisha
latarsha
lanelle
lajuana
krissy
karly
karena
jessika
jerica
jeanelle
jalisa
jacelyn
izola
euna
etha
domitila
dominica
daina
creola
carli
camie
brittny
ashanti
anisha
aleen
adah
valrie
tona
tinisha
terisa
taneka
simonne
shalanda
serita
ressie
olene
margherita
maire
lyndia
luci
lorriane
loreta
leonia
lavona
lakia
krystina
krysten
kenia
kelsi
jeanice
georgiann
genny
felicidad
eilene
deloise
deedee
conception
clora
cherilyn
calandra
armandina
anisa
tiera
theressa
stephania
sima
shyla
shera
shaquita
shala
rossana
nohemi
nery
moriah
melita
melida
melani
marylynn
marisha
mariette
malorie
ludivina
loria
lorette
lianne
lavenia
laurinda
kimi
keila
katelynn
jone
joane
jayna
janella
hertha
francene
elinore
despina
delsie
deedra
clemencia
carolin
bulah
brittanie
blondell
beaulah
beata
annita
agripina
virgen
valene
twanda
tommye
tarra
tari
tammera
shakia
sadye
ruthanne
rochel
rivka
pura
nenita
natisha
ming
merrilee
melodee
marvis
lucilla
leena
laveta
larita
lanie
keren
ileen
georgeann
genna
frida
eufemia
emely
edyth
deonna
darlena
chanell
cathern
bernarda
berna
arlinda
anamaria
vertie
valeri
torri
stasia
sherise
sherill
sanda
ruthe
rosy
ranee
quyen
pearly
palmira
onita
nisha
niesha
nida
merlyn
mayola
marylouise
marth
margene
londa
leontine
leoma
leia
lauralee
lanora
lakita
kiyoko
keturah
katelin
kareen
jonie
johnette
jenee
jeanett
izetta
hiedi
heike
giuseppina
fidela
fernande
elwanda
ellamae
eliz
dusti
dotty
cyndy
celesta
alverta
xenia
wava
vanetta
torrie
tashina
tandy
tama
stepanie
shila
shaunta
sharan
shaniqua
shae
serafina
sandee
priscila
olinda
nadene
muoi
michelina
mercedez
maryrose
marcene
magali
mafalda
lannie
kayce
karoline
kamilah
kamala
justa
joline
jennine
jacquetta
iraida
georgeanna
franchesca
emeline
elane
ehtel
earlie
dulcie
dalene
chere
charis
caroyln
carmina
carita
bethanie
ayako
arica
alysa
alessandra
akilah
adrien
zetta
youlanda
yelena
yahaira
xuan
wendolyn
tijuana
terina
teresia
suzi
sherell
shaunte
sharda
shakita
sena
ryann
riva
rachal
parthenia
pamula
monnie
monet
michaele
melia
malka
maisha
lisandra
lekisha
lean
lakendra
krystin
kortney
kizzie
kittie
kera
kendal
kemberly
kanisha
julene
jule
johanne
jamee
halley
gidget
fredricka
fleta
elza
eleonore
dorthey
doria
donella
dinorah
delorse
claretha
charlyn
belkis
azzie
andera
aiko
adena
yajaira
vania
ulrike
toshia
tifany
stefany
shizue
shenika
shawanna
sharolyn
sharilyn
shaquana
shantay
rozanne
roselee
remona
reanna
raelene
phung
petronila
natacha
nancey
myrl
miyoko
miesha
marvella
marquitta
marhta
lizeth
kina
katheleen
katharyn
karisa
kaleigh
junie
julieann
johnsie
janean
jaimee
jackqueline
hisako
herma
helaine
gwyneth
gita
eustolia
emelina
elin
edris
donnette
donnetta
denae
darcel
clarisa
cinderella
chia
charlesetta
charita
celsa
carlee
bruna
brittaney
antonetta
angla
angelyn
alane
wenona
vannesa
tempie
sumiko
sulema
somer
sheba
sharice
shanel
shalon
rosio
roselia
renay
rema
reena
ozie
oretha
ngan
nakesha
milly
marybelle
margrett
maragaret
manie
lurlene
lillia
lavelle
lashaunda
lakeesha
kaycee
kalyn
joya
joette
jenae
janiece
illa
grisel
glayds
genevie
gala
fredda
eleonor
debera
deandrea
corrinne
cordia
contessa
colene
cleotilde
chantay
cecille
beatris
azalee
arlean
ardath
anjelica
anja
alfredia
aleisha
zada
yuonne
xiao
willodean
vennie
vanna
tyisha
tova
torie
tonisha
tilda
tien
sirena
sherril
shanti
shan
senaida
samella
robbyn
renda
reita
paulita
nguyet
neomi
mikaela
melania
maximina
marg
maisie
lynna
lilli
lashaun
lakenya
lael
kirstie
kathline
kasha
karlyn
karima
jovan
josefine
jennell
jacqui
jackelyn
hien
grazyna
florrie
floria
eleonora
dwana
dorla
delmy
deja
dede
dann
crysta
clelia
claris
chieko
cherlyn
cherelle
charmain
chara
cammy
arnette
ardelle
annika
amiee
amee
allena
yvone
yoshie
yevette
yael
willetta
voncile
venetta
tula
tonette
timika
temika
telma
teisha
taren
stacee
saturnina
ricarda
pasty
onie
marielle
mariella
marianela
mardell
luanna
loise
lisabeth
lindsy
lilliana
lilliam
lelah
leigha
leanora
kristeen
khalilah
keeley
kandra
junko
joaquina
jerlene
jani
jamika
hsiu
hermila
genevive
evia
eugena
emmaline
elfreda
elene
donette
delcie
deeanna
darcey
clarinda
cira
chae
celinda
catheryn
casimira
carmelia
camellia
breana
bobette
bernardina
bebe
basilia
arlyne
amal
alayna
zonia
zenia
yuriko
yaeko
wynell
willena
vernia
tora
terrilyn
terica
tenesha
tajuana
taina
stephnie
sona
sina
sherlene
sherice
sharika
rossie
rosena
rima
rheba
renna
natalya
nancee
melodi
meda
matha
marketta
maricruz
marcelene
malvina
luba
louetta
leida
lecia
lauran
laine
khadijah
katerine
kasi
kallie
julietta
jestine
jessia
jeffie
janyce
isadora
georgianne
fidelia
evita
eura
eulah
estefana
elsy
eladia
denisse
deloras
delila
daysi
crystle
concha
claretta
charlsie
charlena
carylon
bettyann
asley
ashlea
amira
agueda
agnus
yuette
vinita
victorina
tynisha
treena
toccara
tish
tegan
soila
shenna
sharmaine
shantae
shandi
saran
sarai
sana
rosette
rolande
otelia
olevia
necole
naida
myrta
myesha
mitsue
minta
mertie
margy
mahalia
loura
lorean
lesha
leonida
lenita
lavone
lashandra
lamonica
katherina
karry
kanesha
jong
jeneva
jaquelyn
gilma
ghislaine
gertrudis
fransisca
fermina
ettie
ellan
elidia
edra
dorethea
doreatha
denyse
deetta
daine
cyrstal
corrin
cayla
carlita
camila
burma
bula
buena
avril
alaine
zana
wilhemina
wanetta
verline
vasiliki
tonita
tisa
teofila
tayna
taunya
tandra
takako
sunni
suanne
sixta
sharell
seema
rosenda
robena
raymonde
pamila
ozell
neida
mistie
micha
merissa
maurita
maryln
maryetta
marcell
malena
makeda
lovetta
lourie
lorrine
lorilee
laurena
lashay
larraine
laree
lacresha
kristle
keva
keira
karole
joie
jinny
jeannetta
jama
heidy
gilberte
gema
faviola
evelynn
enda
elli
ellena
divina
dagny
collene
codi
chasidy
catrice
catherina
caroll
carlena
candra
calista
bryanna
britteny
beula
bari
audrie
audria
ardelia
annelle
angila
alona
allyn