james
john
robert
michael
william
david
richard
charles
joseph
daniel
paul
mark
donald
george
kenneth
steven
edward
brian
ronald
kevin
jason
matthew
gary
timothy
jose
larry
jeffrey
frank
scott
eric
stephen
andrew
raymond
gregory
joshua
jerry
dennis
walter
patrick
peter
harold
douglas
henry
carl
arthur
ryan
roger
joe
juan
jack
albert
jonathan
justin
terry
gerald
keith
samuel
ralph
lawrence
roy
benjamin
bruce
adam
harry
fred
wayne
steve
louis
jeremy
aaron
eugene
carlos
russell
bobby
victor
ernest
phillip
todd
jesse
craig
alan
clarence
sean
philip
chris
johnny
earl
jimmy
antonio
danny
bryan
tony
luis
mike
stanley
leonard
nathan
dale
manuel
rodney
curtis
norman
marvin
vincent
glenn
jeffery
travis
jeff
chad
jacob
melvin
alfred
francis
herbert
frederick
ray
joel
edwin
don
troy
randall
barry
bernard
mario
francisco
marcus
micheal
theodore
clifford
miguel
oscar
jay
jim
tom
calvin
alex
jon
ronnie
lloyd
tommy
leon
derek
darrell
floyd
leo
alvin
tim
wesley
dean
greg
jorge
dustin
pedro
derrick
dan
zachary
corey
herman
maurice
vernon
roberto
clyde
glen
hector
shane
ricardo
sam
rick
lester
brent
ramon
tyler
gilbert
gene
marc
ruben
brett
nathaniel
rafael
edgar
milton
raul
ben
cecil
duane
andre
elmer
gabriel
ron
roland
jared
adrian
karl
cory
claude
erik
darryl
neil
javier
fernando
clinton
ted
mathew
tyrone
darren
lonnie
lance
cody
julio
kurt
clayton
hugh
max
dwayne
dwight
armando
felix
jimmie
everett
ian
ken
bob
jaime
casey
alfredo
alberto
dave
ivan
johnnie
sidney
byron
julian
isaac
clifton
willard
daryl
virgil
andy
salvador
kirk
sergio
seth
kent
terrance
rene
eduardo
terrence
enrique
stuart
fredrick
arturo
alejandro
joey
nick
luther
wendell
jeremiah
evan
julius
donnie
otis
trevor
gerard
doug
kenny
hubert
angelo
shaun
lyle
matt
alfonso
orlando
rex
carlton
ernesto
pablo
lorenzo
omar
wilbur
blake
roderick
kerry
rickey
ira
andres
cesar
johnathan
malcolm
rudolph
damon
kelvin
rudy
preston
alton
archie
marco
pete
randolph
garry
geoffrey
felipe
bennie
gerardo
dominic
loren
delbert
colin
guillermo
earnest
benny
noel
rodolfo
myron
edmund
salvatore
cedric
lowell
gregg
sherman
devin
sylvester
roosevelt
jermaine
forrest
wilbert
leland
simon
irving
owen
woodrow
sammy
kristopher
levi
marcos
gustavo
jake
lionel
marty
gilberto
clint
nicolas
laurence
ismael
orville
drew
ervin
dewey
wilfred
josh
hugo
ignacio
caleb
tomas
sheldon
erick
frankie
darrel
rogelio
terence
alonzo
elias
bert
elbert
ramiro
conrad
noah
grady
phil
cornelius
lamar
rolando
clay
percy
merle
darin
amos
terrell
moses
irvin
saul
roman
darnell
randal
tommie
timmy
darrin
brendan
toby
van
abel
dominick
emilio
elijah
cary
domingo
aubrey
emmett
marlon
emanuel
jerald
edmond
emil
dewayne
otto
teddy
reynaldo
bret
jess
trent
humberto
emmanuel
stephan
louie
vicente
lamont
garland
micah
efrain
heath
rodger
demetrius
ethan
eldon
pierre
eli
bryce
antoine
kendall
royce
sterling
grover
elton
cleveland
dylan
damian
reuben
stan
leonardo
russel
erwin
benito
hans
monte
blaine
ernie
curt
quentin
agustin
jamal
devon
adolfo
tyson
wilfredo
bart
jarrod
vance
denis
damien
joaquin
harlan
desmond
elliot
darwin
gregorio
kermit
roscoe
esteban
anton
solomon
norbert
elvin
nolan
carey
rod
quinton
hal
rob
elwood
kendrick
darius
moises
marlin
fidel
thaddeus
cliff
marcel
ali
raphael
bryon
armand
alvaro
jeffry
dane
joesph
thurman
ned
sammie
rusty
michel
monty
rory
reggie
kris
isaiah
gus
avery
loyd
adolph
millard
rocco
gonzalo
derick
rodrigo
gerry
rickie
noe
vern
elvis
bernardo
mauricio
hiram
donovan
basil
nickolas
scot
vince
quincy
eddy
federico
ulysses
heriberto
donnell
denny
gavin
emery
romeo
jayson
dion
dante
clement
coy
odell
jarvis
bruno
issac
dudley
sanford
colby
carmelo
nestor
stefan
donny
linwood
beau
weldon
galen
isidro
truman
delmar
silas
frederic
irwin
merrill
charley
marcelino
carlo
trenton
kurtis
aurelio
winfred
vito
collin
denver
leonel
emory
pasquale
mariano
danial
landon
dirk
adan
numbers
clair
buford
bernie
wilmer
emerson
zachery
jacques
errol
josue
edwardo
wilford
raymundo
daren
tristan
robby
lincoln
jame
genaro
octavio
cornell
hung
arron
antony
herschel
alva
giovanni
garth
cyrus
cyril
ronny
stevie
lon
kennith
carmine
augustine
erich
chadwick
russ
myles
jonas
mervin
zane
jamel
lazaro
randell
johnie
jarrett
ariel
abdul
dusty
luciano
seymour
scottie
mohammed
arnulfo
lucien
ferdinand
thad
ezra
aldo
earle
abe
marquis
lanny
kareem
jamar
boris
isiah
emile
elmo
aron
leopoldo
everette
josef
eloy
dorian
rodrick
reinaldo
lucio
jerrod
weston
hershel
lemuel
lavern
burt
jules
gil
eliseo
efren
antwan
alden
margarito
dino
osvaldo
les
deandre
normand
kieth
ivory
trey
norberto
napoleon
fritz
rosendo
sang
deon
alfonzo
lyman
josiah
wilton
rico
jamaal
dewitt
brenton
yong
olin
faustino
claudio
judson
edgardo
alec
jarred
donn
trinidad
tad
porfirio
odis
lenard
chauncey
tod
mel
marcelo
kory
augustus
keven
hilario
bud
sal
orval
mauro
dannie
zachariah
olen
anibal
milo
jed
thanh
lenny
tory
richie
brice
mohamed
delmer
dario
mac
jonah
jerrold
robt
hank
sung
rupert
rolland
kenton
damion
chi
antone
waldo
fredric
kip
burl
tyree
jefferey
ahmed
stanford
oren
moshe
mikel
enoch
brendon
quintin
jamison
florencio
darrick
minh
giuseppe
demarcus
cletus
tyrell
lyndon
keenan
werner
theo
geraldo
columbus
chet
bertram
markus
huey
hilton
dwain
donte
tyron
omer
isaias
hipolito
fermin
chung
adalberto
jamey
teodoro
mckinley
maximo
raleigh
lawerence
rashad
emmitt
daron
samual
otha
miquel
domenic
darron
wilber
renato
haywood
ezekiel
chas
florentino
elroy
clemente
arden
neville
edison
carrol
shayne
nathanial
jordon
danilo
claud
sherwood
raymon
rayford
cristobal
ambrose
hyman
felton
ezequiel
erasmo
lonny
milan
lino
jarod
herb
andreas
rhett
jude
cordell
oswaldo
ellsworth
virgilio
toney
nathanael
benedict
mose
isreal
garret
fausto
arlen
zack
modesto
francesco
manual
gaston
filiberto
deangelo
michale
granville
malik
zackary
tuan
cristopher
antione
malcom
korey
jospeh
colton
waylon
shad
santo
rudolf
rolf
renaldo
marcellus
lucius
kristofer
harland
arnoldo
rueben
leandro
kraig
jerrell
cedrick
arlie
winford
wally
luigi
keneth
jacinto
graig
franklyn
edmundo
leif
jeramy
willian
vincenzo
michal
lynwood
jere
elden
darell
broderick
alonso