smith
johnson
williams
jones
davis
miller
wilson
moore
taylor
anderson
jackson
harris
martin
garcia
martinez
clark
rodriguez
lewis
lee
walker
hall
allen
young
hernandez
king
wright
lopez
hill
green
adams
baker
nelson
carter
perez
roberts
turner
phillips
campbell
parker
evans
edwards
collins
stewart
sanchez
morris
rogers
reed
cook
bell
murphy
bailey
rivera
cooper
richardson
cox
ward
torres
peterson
gray
ramirez
watson
brooks
sanders
bennett
wood
barnes
ross
henderson
coleman
jenkins
perry
powell
long
patterson
hughes
flores
washington
butler
simmons
foster
gonzales
bryant
alexander
griffin
diaz
hayes
myers
ford
hamilton
graham
sullivan
woods
cole
west
owens
reynolds
fisher
ellis
harrison
gibson
mcdonald
cruz
marshall
ortiz
gomez
murray
freeman
wells
webb
simpson
stevens
porter
hicks
crawford
boyd
mason
kennedy
warren
ramos
reyes
gordon
shaw
rice
robertson
hunt
daniels
palmer
mills
grant
ferguson
stone
hawkins
dunn
perkins
hudson
spencer
gardner
stephens
payne
pierce
berry
matthews
arnold
wagner
willis
watkins
olson
carroll
duncan
snyder
hart
lane
andrews
ruiz
harper
fox
riley
armstrong
carpenter
weaver
greene
elliott
sims
peters
kelley
franklin
lawson
fields
gutierrez
schmidt
carr
vasquez
castillo
wheeler
chapman
montgomery
richards
williamson
johnston
banks
meyer
mccoy
alvarez
morrison
hansen
fernandez
garza
harvey
burton
nguyen
jacobs
reid
garrett
welch
larson
frazier
burke
hanson
mendoza
moreno
bowman
medina
fowler
brewer
carlson
silva
pearson
fleming
jensen
vargas
byrd
davidson
herrera
wade
soto
walters
neal
caldwell
lowe
jennings
barnett
graves
jimenez
shelton
barrett
obrien
castro
sutton
mckinney
lucas
miles
rodriquez
chambers
lambert
fletcher
watts
bates
hale
pena
beck
newman
haynes
mcdaniel
mendez
bush
vaughn
parks
dawson
santiago
norris
hardy
steele
curry
powers
schultz
barker
guzman
page
munoz
ball
keller
chandler
weber
walsh
lyons
ramsey
wolfe
schneider
mullins
benson
sharp
bowen
barber
hines
baldwin
griffith
valdez
hubbard
salazar
reeves
warner
stevenson
burgess
santos
tate
cross
garner
mann
mack
moss
mcgee
farmer
delgado
aguilar
vega
glover
manning
cohen
harmon
rodgers
newton
blair
ingram
reese
cannon
strickland
goodwin
walton
rowe
hampton
ortega
patton
swanson
goodman
maldonado
yates
becker
erickson
rios
conner
adkins
webster
malone
hammond
flowers
cobb
moody
quinn
pope
osborne
mccarthy
estrada
sandoval
gibbs
fitzgerald
stokes
doyle
saunders
wise
colon
gill
alvarado
greer
padilla
waters
nunez
schwartz
mcbride
klein
pratt
briggs
parsons
mclaughlin
zimmerman
buchanan
moran
copeland
pittman
mccormick
brock
logan
marsh
drake
wong
jefferson
morton
sparks
norton
huff
carson
bowers
roberson
barton
tran
lamb
harrington
boone
cortez
clarke
mathis
singleton
wilkins
cain
underwood
mckenzie
collier
luna
phelps
mcguire
bridges
wilkerson
nash
summers
atkins
wilcox
pitts
conley
marquez
cochran
chase
davenport
gates
ayala
sawyer
vazquez
acosta
flynn
espinoza
monroe
wolf
morrow
oconnor
skinner
ware
molina
kirby
huffman
gilmore
dominguez
oneal
lang
combs
kramer
gaines
shaffer
mathews
mcclain
fischer
wall
melton
hensley
bond
dyer
grimes
contreras
wyatt
baxter
snow
mosley
shepherd
beasley
petersen
meyers
garrison
shields
savage
olsen
schroeder
hartman
woodard
mueller
kemp
deleon
booth
patel
wiley
eaton
cline
navarro
harrell
humphrey
parrish
duran
hess
dorsey
bullock
robles
beard
dalton
avila
rich
johns
blankenship
trevino
salinas
campos
pruitt
montoya
hardin
guerra
mcdowell
gallegos
henson
wilkinson
booker
merritt
atkinson
orr
decker
tanner
knox
pacheco
stephenson
rojas
serrano
marks
hickman
sweeney
strong
mcclure
conway
roth
maynard
farrell
lowery
hurst
nixon
weiss
trujillo
ellison
sloan
juarez
winters
mclean
boyer
villarreal
mccall
gentry
carrillo
ayers
lara
pace
hull
leblanc
velasquez
leach
chang
sellers
herring
noble
foley
bartlett
mercado
landry
durham
walls
barr
mckee
bauer
rivers
pugh
rush
estes
dodson
morse
sheppard
weeks
bean
barron
livingston
middleton
spears
blevins
chen
kerr
mcconnell
hatfield
harding
solis
frost
giles
pennington
woodward
finley
mcintosh
koch
mccullough
blanchard
rivas
brennan
mejia
kane
benton
valentine
russo
moon
mcmillan
crosby
berg
dotson
mays
chan
richmond
meadows
faulkner
oneill
knapp
kline
jacobson
hendricks
shepard
cardenas
mcintyre
waller
donaldson
cantu
morin
gillespie
tillman
bentley
key
salas
rollins
gamble
santana
cabrera
cervantes
hinton
hurley
spence
zamora
yang
mcneil
suarez
petty
gould
mcfarland
sampson
carver
macdonald
stout
hester
melendez
dillon
farley
galloway
joyner
stein
aguirre
osborn
mercer
bender
franco
rowland
sykes
pickett
sears
mayo
dunlap
hayden
wilder
mckay
coffey
mccarty
ewing
cooley
vaughan
bonner
cotton
stark
ferrell
cantrell
lott
pollard
burch
mullen
fry
riddle
levy
odonnell
britt
daugherty
berger
dillard
alston
frye
riggs
chaney
odom
duffy
fitzpatrick
valenzuela
mayer
alford
mcpherson
acevedo
barrera
cote
reilly
compton
mooney
mcgowan
craft
clemons
wynn
nielsen
baird
stanton
snider
rosales
bright
witt
hays
rutledge
kinney
clements
castaneda
slater
hahn
burks
delaney
pate
lancaster
sharpe
talley
macias
burris
ratliff
mccray
kaufman
beach
goff
cash
bolton
mcfadden
levine
byers
kirkland
workman
carney
mcleod
finch
haney
franks
sargent
nieves
rasmussen
hewitt
valencia
oneil
delacruz
vinson
hyde
forbes
gilliam
guthrie
wooten
huber
barlow
boyle
rocha
langley
knowles
cooke
velazquez
vang
shea
rouse
hartley
mayfield
elder
rankin
hanna
cowan
arroyo
haas
oconnell
minor
boucher
archer
boggs
dougherty
andersen
newell
crowe
wang
friedman
bland
swain
pearce
childs
yarbrough
galvan
proctor
meeks
lozano
mora
rangel
bacon
villanueva
schaefer
rosado
helms
boyce
goss
stinson
ibarra
covington
crowley
hatcher
mackey
bunch
womack
polk
dodd
childress
childers
villa
springer
dailey
belcher
lockhart
griggs
costa
walden
moser
tatum
mccann
akers
lutz
pryor
orozco
mcallister
lugo
davies
rutherford
newsome
magee
chamberlain
blanton
simms
flanagan
crum
cordova
escobar
sinclair
donahue
krueger
gore
farris
webber
corbett
andrade
starr
lyon
yoder
hastings
mcgrath
spivey
krause
harden
crabtree
kirkpatrick
arrington
ritter
mcghee
bolden
maloney
gagnon
dunbar
ponce
pike
mayes
beatty
mobley
kimball
montes
eldridge
hamm
gibbons
moyer
manley
herron
plummer
elmore
cramer
pierson
fontenot
goldstein
elkins
wills
novak
hickey
worley
gorman
katz
broussard
woodruff
crow
britton
nance
lehman
whaley
shafer
coffman
steward
delarosa
neely
mata
davila
mccabe
kessler
hinkle
welsh
pagan
goldberg
goins
crouch
cuevas
quinones
mcdermott
hendrickson
samuels
denton
ivey
locke
haines
snell
byrne
arias
beltran
chappell
dooley
tuttle
couch
payton
mcelroy
crockett
groves
cartwright
mcgill
dubois
muniz
tolbert
dempsey
sewell
latham
vigil
tapia
rainey
norwood
stroud
meade
tipton
kuhn
hilliard
bonilla
teague
greenwood
correa
reece
pineda
phipps
frey
kaiser
ames
schmitt
milligan
espinosa
bowden
vickers
lowry
costello
piper
mcclellan
lovell
sheehan
hatch
dobson
singh
jeffries
sorensen
meza
fink
donnelly
burrell
tomlinson
colbert
helton
sutherland
peoples
mcqueen
givens
crocker
vogel
dunham
coker
swartz
keys
ladner
richter
hargrove
edmonds
albright
murdock
boswell
muller
padgett
kenney
daly
connolly
inman
quintana
lund
barnard
villegas
simons
tidwell
sanderson
bullard
mcclendon
duarte
dwyer
stover
goode
fraser
crews
bernal
conklin
mcneal
baca
esparza
crowder
bower
brewster
mcneill
rodrigues
leal
coates
raines
mccain
mccord
miner
swift
carlisle
aldridge
ackerman
starks
ricks
ferris
hairston
sheffield
lange
fountain
doss
betts
kaplan
carmichael
bloom
ruffin
penn
kern
bowles
sizemore
larkin
dupree
seals
metcalf
hutchison
henley
farr
mccauley
hankins
gustafson
curran
waddell
ramey
cates
pollock
messer
cornett
palacios
galindo
cano
hathaway
pham
enriquez
salgado
pelletier
painter
wiseman
blount
feliciano
doherty
mead
mcgraw
swan
capps
blanco
burkett
gleason
cormier
voss
rushing
rosenberg
hurd
dumas
benitez
arellano
marin
caudill
jaramillo
huerta
gipson
colvin
vela
platt
tompkins
mccollum
dolan
daley
sneed
kilgore
grove
grimm
davison
brunson
prater
devine
dodge
stratton
rosas
tripp
ledbetter
hightower
feldman
epps
yeager
posey
scruggs
cope
stubbs
richey
overton
trotter
sprague
butcher
stiles
burgos
woodson
purcell
haskins
akins
ziegler
spaulding
hadley
grubbs
sumner
murillo
zavala
lockwood
driscoll
dahl
redmond
putnam
mcwilliams
mcrae
romano
joiner
sadler
hedrick
hager
hagen
coulter
thacker
mansfield
langston
guidry
ferreira
corley
conn
rossi
lackey
baez
saenz
mcnamara
mcmullen
mckenna
mcdonough
link
engel
roper
eubanks
drummond
parham
mims
landers
grayson
schafer
egan
timmons
ohara
keen
hamlin
finn
cortes
mcnair
nadeau
moseley
michaud
rosen
oakes
kurtz
jeffers
calloway
beal
bautista
winn
suggs
stern
stapleton
lyles
laird
montano
dawkins
hagan
goldman
bryson
barajas
lovett
segura
metz
lockett
langford
hinson
eastman
smallwood
shapiro
crowell
whalen
triplett
chatman
aldrich
cahill
youngblood
ybarra
stallings
sheets
reeder
connelly
bateman
abernathy
winkler
wilkes
masters
hackett
granger
gillis
schmitz
sapp
napier
souza
lanier
gomes
weir
ledford
burroughs
ventura
siegel
dugan
bledsoe
atwood
wray
varner
spangler
anaya
staley
kraft
fournier
belanger
wolff
bynum
boykin
swenson
purvis
pina
khan
duvall
darby
xiong
kauffman
healy
engle
benoit
valle
steiner
randle
lundy
calvert
staton
neff
kearney
darden
oakley
medeiros
crenshaw
perdue
dill
goodrich
easley
dennison
shipley
kerns
jorgensen
crain
villalobos
maurer
longoria
keene
staples
kincaid
eason
lusk
stahl
currie
thayer
shultz
mcnally
seay
maher
gagne
barrow
nava
moreland
hearn
diggs
caron
westbrook
stovall
ragland
munson
meier
looney
kimble
jolly
culver
burr
presley
connell
tovar
huddleston
ashby
salter
root
pendleton
oleary
nickerson
myrick
judd
jacobsen
bain
adair
starnes
matos
busby
herndon
hanley
bellamy
doty
bartley
yazzie
rowell
parson
gifford
cullen
benavides
barnhart
talbot
mock
crandall
connors
bonds
gage
bergman
arredondo
addison
lujan
dowdy
huynh
bouchard
dutton
ouellette
kiser
herrington
hare
babb
allred
rudd
paulson
ogden
geiger
parra
hawk
esposito
waldron
ransom
prather
chacon
vick
sands
roark
parr
mayberry
greenberg
coley
bruner
skaggs
shipman
leary
hutton
romo
medrano
ladd
kruse
askew
schulz
alfaro
mohr
gallo
bermudez
pereira
bliss
reaves
flint
comer
woodall
naquin
guevara
delong
carrier
pickens
tilley
schaffer
knutson
fenton
doran
vogt
vann
prescott
mclain
landis
corcoran
zapata
hyatt
hemphill
faulk
dove
boudreaux
aragon
trejo
tackett
shearer
saldana
hanks
mckinnon
koehler
bourgeois
keyes
goodson
foote
lunsford
goldsmith
winslow
sams
reagan
mccloud
esquivel
naylor
loomis
coronado
ludwig
bearden
huang
ezell
edmondson
cronin
nunn
lemon
guillory
grier
dubose
traylor
ryder
coyle
aponte
smalls
rowan
malloy
cardona
borden
humphries
carrasco
ruff
metzger
huntley
hinojosa
finney
ernst
dozier
burkhart
bowser
peralta
daigle
sorenson
saucedo
roche
redding
avalos
waite
lind
huston
hamby
boyles
boles
regan
faust
crook
beam
barger
hinds
willoughby
willingham
eckert
busch
zepeda
worthington
tinsley
hawley
carmona
varela
rector
newcomb
kinsey
dube
whatley
ragsdale
bernstein
becerra
yost
mattson
felder
cheek
handy
gauthier
escobedo
beckman
mott
hillman
flaherty
stockton
stearns
lofton
coats
cavazos
barrios
mosher
cardwell
coles
weller
lemons
beebe
aguilera
parnell
harman
couture
alley
schumacher
redd
dobbs
blum
blalock
merchant
ennis
denson
cottrell
bagley
aviles
watt
sousa
rosenthal
rooney
blank
paquette
mcclelland
duff
velasco
lentz
grubb
burrows
barbour
ulrich
rader
beyer
mixon
layton
altman
weathers
stoner
squires
shipp
priest
lipscomb
cutler
zimmer
willett
thurston
storey
medley
epperson
shah
mcmillian
baggett
torrez
hirsch
dent
poirier
peachey
farrar
creech
barth
trimble
dupre
albrecht
sample
lawler
crisp
conroy
wetzel
murry
jameson
wilhelm
patten
minton
matson
kimbrough
guinn
croft
toth
pulliam
nugent
newby
littlejohn
dias
bernier
baron
singletary
renteria
pruett
mchugh
mabry
landrum
brower
stoddard
cagle
stjohn
scales
kohler
kellogg
gant
tharp
gann
zeigler
pringle
hammons
fairchild
deaton
carnes
rowley
matlock
kearns
irizarry
carrington
starkey
lopes
jarrell
craven
baum
littlefield
linn
humphreys
etheridge
cuellar
chastain
bundy
skelton
quiroz
pyle
portillo
ponder
moulton
machado
hutson
dowling
cloud
spann
pedersen
levin
leggett
hayward
beaulieu
barksdale
wakefield
snowden
briscoe
bowie
berman
ogle
mcgregor
laughlin
helm
burden
wheatley
schreiber
pressley
parris
alaniz
agee
swann
schuster
radford
monk
mattingly
harp
girard
cheney
yancey
wagoner
ridley
lombardo
gaskins
willey
prado
newberry
magana
hammonds
elam
whipple
slade
serna
ojeda
liles
dorman
upton
reardon
michaels
goetz
eller
bauman
baer
layne
hummel
brenner
amaya
adamson
ornelas
dowell
cloutier
castellanos
wellman
saylor
orourke
moya
montalvo
kilpatrick
oldham
kang
garvin
foss
templeton
maguire
rider
monahan
mccormack
beaty
anders
streeter
nieto
nielson
moffett
lankford
keating
heck
gatlin
delatorre
worrell
unger
nowak
jeter
brunner
steen
parrott
overstreet
nobles
montanez
clevenger
brinkley
trahan
quarles
pickering
pederson
jansen
grantham
crespo
aiken
schaeffer
lorenz
leyva
harms
dyson
wallis
pease
leavitt
cheng
cavanaugh
batts
warden
seaman
rockwell
quezada
paxton
linder
fontaine
durant
caruso
adler
pimentel
mize
lytle
cleary
cason
acker
switzer
isaacs
waterman
stamper
sisk
shuler
mcmahan
levesque
hatton
bronson
bollinger
arnett
okeefe
gerber
gannon
farnsworth
baughman
silverman
satterfield
mccrary
kowalski
grigsby
greco
trout
rinehart
linton
gooden
curley
baugh
wyman
weiner
schuler
morrissey
mahan
bunn
thrasher
spear
waggoner
qualls
purdy
mauldin
gilman
perryman
newsom
menard
martino
graf
artis
simpkins
salisbury
quintanilla
gilliland
fraley
foust
crouse
scarborough
grissom
marlow
markham
lawton
varney
schwarz
gooch
arce
wheat
truong
poulin
hurtado
selby
gaither
fortner
culpepper
coughlin
brinson
boudreau
bales
stepp
schilling
morrell
kahn
heaton
gamez
causey
turpin
shanks
schrader
meek
isom
hardison
carranza
yanez
runyon
ratcliff
murrell
moeller
irby
currier
ralston
pullen
pinson
estep
carbone
hawks
ellington
casillas
spurlock
sikes
motley
mccartney
kruger
isbell
burk
tomlin
quigley
neumann
lovelace
fennell
cheatham
bustamante
hidalgo
forman
culp
bowens
betancourt
aquino
robb
milner
martel
gresham
wiles
ricketts
dowd
collazo
bostic
blakely
sherrod
kenyon
gandy
ebert
deloach
sauer
olivares
gillette
chestnut
bourque
paine
hite
hauser
devore
crawley
talbert
poindexter
meador
mcduffie
mattox
kraus
harkins
wren
sledge
sanborn
kinder
geary
cornwell
barclay
abney
seward
fortier
benner
vines
tubbs
troutman
rapp
mccurdy
deluca
westmoreland
havens
guajardo
clary
seal
meehan
herzog
guillen
ashcraft
waugh
renner
milam
elrod
breaux
bolin
asher
windham
tirado
pemberton
nolen
noland
knott
emmons
cornish
barbee
waldrop
pitt
olvera
lombardi
gruber
gaffney
eggleston
banda
archuleta
slone
prewitt
pfeiffer
nettles
mena
mcadams
henning
gardiner
cromwell
burleson
vest
oglesby
mccarter
lumpkin
wofford
teel
swafford
stclair
stanfield
ocampo
herrmann
hannon
roush
mcalister
hiatt
forsythe
duggan
delvalle
cintron
wilks
weinstein
uribe
rizzo
noyes
mclendon
gurley
bethea
winstead
maples
guyton
giordano
alderman
valdes
polanco
pappas
lively
grogan
griffiths
bobo
arevalo
sowell
rendon
fernandes
farrow
benavidez
ayres
alicea
stump
smalley
seitz
schulte
gilley
canfield
wolford
omalley
mcnutt
mcnulty
mcgovern
hardman
cowart
brink
beckett
bagwell
armstead
anglin
abreu
reynoso
krebs
jett
greenfield
forte
broome
sisson
trammell
partridge
mace
lomax
lemieux
gossett
frantz
fogle
broughton
pence
paulsen
muncy
mcarthur
beauchamp
withers
osorio
mulligan
dockery
begley
roby
rains
lindquist
gentile
everhart
bohannon
wylie
sommers
purnell
fortin
dunning
breeden
vail
phelan
phan
marx
cosby
boling
ledesma
gaddis
denney
bueno
berrios
wicker
tolliver
thibodeaux
nagle
lavoie
fisk
crist
barbosa
reedy
locklear
kolb
himes
behrens
beckwith
weems
wahl
shackelford
rees
muse
cerda
valadez
thibodeau
saavedra
ridgeway
reiter
mchenry
majors
lachance
keaton
ferrara
clemens
blocker
applegate
needham
mojica
kuykendall
hamel
escamilla
doughty
burchett
ainsworth
vidal
thigpen
strauss
spruill
sowers
ricker
mccombs
harlow
buffington
sotelo
olivas
negrete
morey
macon
logsdon
lapointe
bello
westfall
stubblefield
lindley
hein
hawes
farrington
breen
wilde
steed
sepulveda
reinhardt
proffitt
minter
messina
mcnabb
maier
keeler
gamboa
donohue
basham
shinn
crooks
cota
borders
bachman
tisdale
tavares
schmid
pickard
gulley
fonseca
delossantos
condon
batista
wicks
wadsworth
martell
littleton
ison
haag
folsom
brumfield
broyles
brito
mireles
mcdonnell
leclair
hamblin
gough
fanning
winfield
soriano
palumbo
newkirk
mangum
hutcherson
comstock
carlin
beall
bair
wendt
watters
walling
putman
otoole
morley
mares
lemus
keener
hundley
dial
damico
strother
mcfarlane
lamm
eaves
crutcher
canty
atwell
taft
siler
rust
rawls
rawlings
prieto
mcneely
mcafee
hulsey
hackney
galvez
escalante
delagarza
crider
bandy
wilbanks
stowe
steinberg
renfro
masterson
lanham
haskell
hamrick
dehart
burdette
bourne
aleman
worthy
tibbs
smoot
slack
paradis
mull
luce
gantt
danner
burge
ashford
arndt
almeida
stallworth
shade
searcy
sager
mclemore
mcintire
maxey
lavigne
jobe
ferrer
falk
coffin
byrnes
aranda
apodaca
stamps
rounds
olmstead
lewandowski
kaminski
dunaway
bruns
amato
reich
mcclung
lacroix
herrick
hardesty
flanders
cousins
cato
cade
vickery
shank
nagel
dupuis
croteau
cotter
stine
porterfield
pauley
moffitt
knudsen
hardwick
goforth
dupont
blunt
barrows
barnhill
shull
rash
loftis
lemay
grenier
fairbanks
culbertson
calkins
beattie
ashworth
albertson
wertz
vaught
vallejo
turk
tijerina
sage
peterman
marroquin
marr
lantz
demarco
cone
berube
barnette
wharton
stinnett
scanlon
sander
pinto
mancuso
lima
headley
epstein
counts
clarkson
carnahan
boren
arteaga
adame
zook
wenzel
saxton
puente
handley
haggerty
earley
chaffin
cady
acuna
solano
sigler
pollack
ostrander
janes
francois
crutchfield
chamberlin
brubaker
willson
reis
neeley
mullin
mercier
lira
layman
keeling
higdon
espinal
chapin
warfield
toledo
pulido
nagy
montague
mello
lear
jaeger
graff
soliz
mendenhall
mclaurin
maestas
gable
barraza
tillery
snead
pond
neill
mcculloch
mccorkle
lightfoot
harness
dorn
bock
zielinski
turley
treadwell
stpierre
starling
somers
oswald
merrick
easterling
truitt
poston
parry
olivarez
moreau
medlin
lenz
knowlton
fairley
cobbs
chisolm
bannister
woodworth
toler
ocasio
noriega
neuman
moye
mcclanahan
lilley
hanes
flannery
dellinger
danielson
conti
blodgett
beers
weatherford
strain
karr
hitt
denham
custer
coble
clough
casteel
bolduc
batchelor
ammons
tierney
staten
sibley
seifert
schubert
salcedo
mattison
laney
haggard
grooms
dees
cromer
cooks
colson
caswell
zarate
swisher
shin
ragan
pridgen
mcvey
matheny
lafleur
franz
ferraro
dugger
rigsby
mcmurray
lehmann
jacoby
hendrick
headrick
goad
fincher
drury
borges
archibald
albers
trapp
soares
seaton
monson
lindberg
kopp
keeton
healey
garvey
gaddy
fain
burchfield
wentworth
strand
stack
saucier
ricci
plunkett
pannell
ness
leger
freitas
fong
elizondo
duval
beaudoin
rickard
partin
mcgrew
mcclintock
ledoux
forsyth
faison
devries
bertrand
tilton
scarbrough
leung
irvine
garber
denning
corral
colley
castleberry
bowlin
beale
baines
trice
parkinson
nunes
mcmillen
leahy
kimmel
higgs
carden
bedford
taggart
spearman
morrill
heinz
hedges
guenther
grice
findley
dover
creighton
boothe
bayer
arreola
vitale
valles
raney
osgood
hanlon
burley
bounds
worden
weatherly
vetter
tanaka
stiltner
nevarez
mosby
melancon
harter
hamer
gladden
gist
akin
zaragoza
tarver
sammons
royster
oreilly
muir
morehead
luster
kingsley
kelso
grisham
glynn
baumann
alves
yount
tamayo
paterson
oates
menendez
longo
hargis
gillen
desantis
conover
breedlove
sumpter
scherer
rupp
reichert
heredia
creel
cohn
clemmons
casas
belton
bach
williford
tennant
sutter
stull
mccallum
langlois
keel
keegan
dangelo
dancy
damron
clapp
clanton
bankston
oliveira
mintz
mcinnis
martens
mabe
laster
jolley
hildreth
hefner
glaser
demers
brockman
blais
alcorn
agnew
toliver
tice
seeley
najera
musser
mcfall
laplante
galvin
fajardo
doan
coyne
copley
clawson
cheung
barone
wynne
woodley
tremblay
stoll
sparrow
sparkman
schweitzer
samples
roney
legg
heim
farias
colwell
winchester
upshaw
southerland
sorrell
sells
mccloskey
martindale
luttrell
loveless
lovejoy
linares
latimer
embry
coombs
bostick
venable
tuggle
toro
sandlin
jefferies
heckman
griffis
crayton
clem
browder
sturgill
sprouse
royer
rousseau
ridenour
pogue
perales
metzler
mesa
mccutcheon
mcbee
heffner
corrigan
armijo
plante
peyton
paredes
macklin
hussey
granados
frias
becnel
batten
almanza
turney
teal
sturgeon
meeker
mcdaniels
limon
keeney
hutto
gorham
fishman
fierro
blanchette
rodrigue
reddy
oden
lerma
kirkwood
keefer
haugen
hammett
chalmers
brinkman
baumgartner
zhang
valerio
steffen
shumate
sauls
ripley
kemper
guffey
evers
craddock
blaylock
banuelos
balderas
wheaton
turnbull
shuman
pointer
mosier
mccue
ligon
kozlowski
johansen
ingle
herr
briones
rickman
pipkin
pantoja
orosco
moniz
lawless
kunkel
hibbard
galarza
enos
bussey
salcido
perreault
mcdougal
mccool
haight
garris
easton
conyers
atherton
wimberly
utley
spellman
smithson
slagle
rand
osullivan
oaks
nutt
mcvay
mccreary
mayhew
knoll
harwood
cardoza
ashe
arriaga
zeller
wirth
stauffer
rountree
redden
mccaffrey
martz
larose
langdon
humes
gaskin
faber
devito
almond
wingfield
wingate
villareal
tyner
smothers
severson
reno
pennell
maupin
leighton
janssen
hallman
halcomb
folse
fitzsimmons
fahey
cranford
bolen
battles
battaglia
wooldridge
trask
rosser
regalado
mcewen
keefe
echevarria
caro
boynton
andrus
viera
vanmeter
taber
spradlin
seibert
provost
prentice
oliphant
laporte
hwang
hatchett
greiner
freedman
covert
chilton
byars
wiese
venegas
shrader
roberge
mullis
mortensen
mccune
marlowe
kirchner
keck
isaacson
halverson
griswold
fenner
durden
ahrens
sawyers
savoy
mcswain
mackay
lavender
lash
labbe
jessup
cruse
crittenden
correia
centeno
caudle
canady
callender
alarcon
ahern
winfrey
tribble
salley
roden
musgrove
minnick
fortenberry
carrion
bunting
batiste
underhill
stillwell
rauch
pippin
perrin
messenger
mancini
lister
kinard
hartmann
fleck
wilt
treadway
spalding
rafferty
pitre
patino
ordonez
linkous
kelleher
feeney
curtin
coward
camarillo
buss
bunnell
bolt
beeler
autry
alcala
witte
wentz
stidham
nunley
meacham
martins
lemke
lefebvre
hynes
dunne
derr
cochrane
brittain
bedard
beauregard
torrence
strunk
soria
simonson
shumaker
oconner
moriarty
ives
hutcheson
hales
garmon
fitts
bohn
atchison
wisniewski
vanwinkle
sturm
sallee
moen
lundberg
kunz
kohl
keane
jorgenson
jaynes
freed
durr
creamer
cosgrove
batson
teeter
smyth
redmon
orellana
maness
heflin
goulet
frick
forney
bunker
asbury
aguiar
talbott
southard
mowery
mears
lemmon
krieger
hickson
elston
duong
delgadillo
dayton
dasilva
conaway
catron
bruton
bordelon
bergstrom
beals
abell
whelan
tejada
pulley
pino
norfleet
nealy
maes
loper
gatewood
frierson
freund
finnegan
cupp
covey
catalano
boehm
bader
yoon
walston
tenney
sipes
rawlins
medlock
mccallister
marcotte
maclean
hughey
henke
harwell
gladney
gilson
chism
caskey
baylor
villasenor
veal
thatcher
stegall
petrie
nowlin
navarrete
lombard
loftin
lemaster
kroll
kovach
kimbrell
hershberger
cantwell
bustos
boland
wester
weis
verdin
tong
tiller
sisco
sharkey
seymore
rosenbaum
rohr
quinonez
pinkston
malley
logue
lessard
lerner
lebron
krauss
klinger
halstead
haller
getz
burrow
alger
pfeifer
perron
nelms
munn
mcmaster
mckenney
manns
knudson
hutchens
huskey
goebel
flagg
cushman
click
castellano
carder
bumgarner
wampler
spinks
robson
neel
mcreynolds
mathias
maas
loera
jenson
florez
brogan
berryman
wilmoth
wilhite
thrash
shephard
seidel
schulze
roldan
pettis
obryan
maki
mackie
hatley
frazer
fiore
chesser
bottoms
benefield
allman
wilke
trudeau
timm
shifflett
mundy
milliken
mayers
leake
kohn
huntington
hermann
guerin
fryer
frizzell
flemming
fife
criswell
carbajal
bozeman
boisvert
angulo
wallen
tapp
silvers
ramsay
oshea
orta
moll
mckeever
mcgehee
linville
kiefer
ketchum
groce
betz
bartels
amaral
aiello
weddle
sperry
seiler
runyan
raley
overby
osteen
olds
matney
lauer
lattimore
hindman
hartwell
fredrickson
fredericks
espino
clegg
carswell
cambell
woodbury
welker
totten
theriault
stamm
saxon
rife
razo
quinlan
pinkerton
olivo
nesmith
nall
mattos
lafferty
justus
giron
geer
fielder
drayton
dortch
conners
conger
boatwright
barden
armenta
tibbetts
steadman
slattery
rinaldi
raynor
pinckney
pettigrew
milne
matteson
halsey
gonsalves
fellows
durand
desimone
cowley
cowles
brill
barham
barela
barba
ashmore
withrow
valenti
tejeda
spriggs
sayre
salerno
peltier
merriman
matheson
lowman
lindstrom
hyland
giroux
earls
dugas
dabney
collado
briseno
baxley
whyte
wenger
vanover
vanburen
thiel
schiller
rigby
marble
manzo
mahaffey
lindgren
laflamme
fite
calabrese
bayne
yamamoto
wick
thames
reinhart
naranjo
montez
mcdade
mast
markley
marchand
leeper
kellum
hudgens
hennessey
hadden
gainey
coppola
borrego
bolling
beane
ault
slaton
pape
null
mulkey
lightner
langer
hillard
ethridge
enright
baskin
weinberg
turman
somerville
pardo
noll
lashley
ingraham
hiller
hendon
glaze
cothran
cooksey
conte
carrico
abner
wooley
summerlin
sturgis
stott
spurgeon
spillman
speight
roussel
popp
nutter
mckeon
mazza
magnuson
lanning
kozak
jankowski
heyward
forster
corwin
bays
wortham
usher
theriot
sayers
poling
loya
lieberman
laroche
labelle
harr
garay
fogarty
everson
durkin
dominquez
chambliss
vieira
terrill
stoker
schreiner
moorman
liddell
krug
irons
hylton
herrin
hembree
goolsby
goodin
gilmer
foltz
daughtry
caban
brim
briley
wyant
vergara
tallent
swearingen
stroup
scribner
quillen
pitman
mccants
maxfield
martinson
flournoy
brookins
brody
baumgardner
straub
sills
roybal
roundtree
oswalt
mcgriff
mcdougall
mccleary
maggard
gragg
gooding
doolittle
donato
cowell
appel
reuter
perea
nakamura
monaghan
mickens
mcclinton
mcclary
marler
kish
judkins
gilbreath
freese
felts
erdmann
dodds
chew
boatright
barreto
slayton
sandberg
saldivar
pettway
odum
narvaez
moultrie
montemayor
merrell
lees
keyser
hardaway
hannan
gilbertson
fogg
dumont
deberry
buxton
bucher
broadnax
beeson
araujo
appleton
amundson
aguayo
ackley
worsham
sanches
sacco
robey
pender
ochs
mccurry
luong
knotts
jackman
heinrich
hargrave
gault
comeaux
chitwood
caraway
boettcher
bernhardt
barrientos
zink
wickham
stillman
settles
roque
riddell
pilcher
phifer
novotny
macleod
hardee
haase
grider
doucette
clausen
bevins
beamon
badillo
tolley
tindall
soule
seale
pinkney
pellegrino
nowell
mondragon
mclane
lundgren
ingalls
hudspeth
hixson
gearhart
dibble
deyoung
cornejo
camara
brookshire
boyette
wolcott
surratt
sellars
segal
salyer
reeve
rausch
haro
gower
freeland
fawcett
eads
donley
collett
bromley
boatman
ballinger
baldridge
volz
trombley
stonge
shanahan
rivard
rhyne
pedroza
matias
jamieson
hedgepeth
hartnett
estevez
eskridge
denman
chiu
catlett
carmack
buie
bechtel
beardsley
bard
ballou
ulmer
skeen
robledo
rincon
reitz
piazza
munger
moten
mcmichael
loftus
ledet
kersey
groff
fowlkes
clouse
bettis
villagomez
timmerman
strom
santoro
roddy
penrod
musselman
macpherson
leboeuf
harless
haddad
guido
golding
fannin
dulaney
dowdell
cottle
ceja
cate
bosley
benge
albritton
voigt
trowbridge
soileau
seely
rohde
pearsall
paulk
orth
nason
mota
mcmullin
marquardt
gillum
gabbard
fenwick
danforth
cushing
cress
creed
cazares
bettencourt
barringer
stansberry
schramm
rutter
oquendo
necaise
mouton
miley
mcgough
marra
macmillan
lamontagne
hetrick
heilman
gall
fortney
dingle
desjardins
dabbs
burbank
brigham
breland
beaman
arriola
yarborough
wallin
toscano
stowers
reiss
pichardo
orton
michels
mcnamee
mccrory
leatherman
kell
keister
hargett
guay
ferro
deboer
carper
blanks
beaudry
towle
tafoya
stricklin
strader
soper
sonnier
sigmon
schenk
saddler
pedigo
mendes
lunn
lohr
lahr
kingsbury
jarman
hume
haworth
harrelson
hambrick
flick
edmunds
dacosta
crossman
colston
chaplin
carrell
budd
weiler
waits
valentino
trantham
tarr
solorio
powe
plank
pettus
pagano
mink
leathers
joslin
hartzell
gambrell
cepeda
carty
caputo
brewington
bedell
ballew
warnock
walz
urena
tudor
reel
pigg
parton
mickelson
meagher
mclellan
mcculley
mandel
leech
lavallee
kraemer
kling
kipp
harriman
gregoire
gosselin
gammon
fancher
edens
desai
armendariz
woolsey
whetstone
ussery
testa
tallman
studer
strait
steinmetz
sorrells
sauceda
rolfe
paddock
mccrea
lovato
hazen
gilpin
fike
devoe
delrio
curiel
burkhardt
bode
backus
zinn
watanabe
wachter
vanpelt
turnage
shaner
schroder
sato
riordan
portis
natale
mckoy
kilmer
hesse
halbert
gwinn
delisle
chrisman
canter
arbogast
angell
acree
yancy
woolley
wesson
trainor
stockman
spiller
sipe
rooks
reavis
propst
porras
neilson
mullens
llewellyn
koester
klingensmith
kirsch
kester
hennessy
helmick
garrity
garibay
drain
casarez
callis
botello
avant
wingard
wayman
tully
theisen
szymanski
stansbury
segovia
rainwater
preece
pirtle
padron
mincey
mckelvey
mathes
larrabee
klug
ingersoll
hecht
germain
eggers
dykstra
deering
decoteau
deason
dearing
cofield
carrigan
bonham
bahr
aucoin
appleby
almonte
yager
womble
wimmer
weimer
stancil
sprinkle
romine
remington
pfaff
olivera
meraz
maze
lathrop
koehn
hazelton
halvorson
hallock
haddock
ducharme
dehaven
caruthers
brehm
bosworth
bost
beeman
basile
bane
aikens
wold
walther
tabb
suber
stocker
shirey
schlosser
riedel
rembert
reimer
pyles
merriweather
letourneau
latta
hixon
hillis
hight
herbst
henriquez
haygood
hamill
gabel
fritts
eubank
dawes
correll
bushey
brotherton
botts
barnwell
auger
atchley
westphal
veilleux
ulloa
stutzman
shriver
ryals
pilkington
moyers
marrs
mangrum
lockard
laing
kuhl
harney
hammock
hamlett
felker
doerr
depriest
carrasquillo
carothers
bogle
bergen
albanese
wyckoff
vermillion
thibault
tetreault
stickney
rawson
racine
paschal
mcelhaney
mathison
legrand
lapierre
kwan
kremer
jiles
hilbert
geyer
faircloth
ehlers
egbert
desrosiers
dalrymple
cotten
cashman
cadena
boardman
alcaraz
wyrick
therrien
tankersley
strickler
puryear
plourde
pattison
pardue
mcevoy
landreth
kuhns
hewett
giddens
emerick
eades
deangelis
cosme
ceballos
benham
bemis
armour
anguiano
welborn
storms
sessoms
samaniego
rood
rojo
rhinehart
raby
northcutt
myer
munguia
mcdevitt
mallett
lozada
lemoine
kuehn
hallett
grim
gillard
garman
feaster
faris
darrow
dardar
coney
carreon
boylan
boyett
benford
barragan
barnum
zuber
wyche
westcott
vining
simonds
shupe
ruble
richman
perrone
millan
lomeli
kite
jemison
hulett
hickerson
hazelwood
griffen
gause
forde
eisenberg
dilworth
charron
chaisson
bristow
boutwell
bentz
belk
bayless
batchelder
baran
baeza
zimmermann
weathersby
volk
toole
theis
tedesco
searle
schenck
ruelas
rankins
partida
morel
menchaca
kaylor
johnstone
hulse
hersey
harrigan
guyer
gish
giese
gerlach
geller
geisler
falcone
elwell
doucet
deese
darr
corder
chafin
byler
bussell
burdett
bowe
bellinger
barner
alleyne
wilborn
weil
wegner
tatro
smithers
resendez
parisi
overman
obrian
mudd
mahler
maggio
lindner
lalonde
kahl
jessen
jamerson
henshaw
gustin
graber
durst
duenas
davey
cundiff
conlon
colunga
coakley
chiles
capers
buell
bricker
bartz
bagby
zayas
volpe
treece
toombs
terrazas
swinney
skiles
silveira
senn
ramage
moua
langham
herd
feller
denison
carraway
burford
ambriz
weidner
waddle
verduzco
thurmond
swindle
schrock
sanabria
rosenberger
probst
olinger
nazario
mccafferty
mcbroom
mcabee
mazur
matherne
mapes
leverett
heisler
griego
gosnell
frankel
franke
ferrante
fenn
ehrlich
caton
brunelle
bloomfield
azevedo
ables
abeyta
youmans
wozniak
wainwright
stowell
smitherman
samuelson
runge
rothman
rosenfeld
peake
owings
olmos
munro
moreira
leatherwood
larkins
krantz
kovacs
kizer
kindred
karnes
jaffe
hubbell
goodell
erdman
dvorak
doane
cureton
cofer
buehler
berndt
banta
abdullah
warwick
waltz
turcotte
torrey
seger
sachs
quesada
pinder
peppers
pascual
paschall
parkhurst
ozuna
oster
lheureux
lavalley
kimura
jablonski
haun
gourley
gilligan
croy
cotto
cargill
burwell
burgett
booher
adorno
wrenn
urias
sayles
saiz
rutland
rael
pharr
pelkey
ogrady
nickell
moats
mather
kirschner
kieffer
kellar
gott
gadson
fiedler
erskine
dutcher
dever
daggett
chevalier
amerson
wingo
waldon
trott
silvey
schlegel
ritz
pepin
pelayo
parsley
palermo
moorehead
mchale
lett
kocher
iglesias
humble
hulbert
hartford
hardiman
gurney
grigg
goings
fillmore
farber
depew
dandrea
cowen
burrus
ardoin
standley
radcliffe
pohl
persaud
parenteau
newson
napolitano
mulcahy
malave
keim
hernandes
heffernan
hearne
greenleaf
glick
fetter
faria
dishman
crites
criss
clapper
chenault
castor
casto
bugg
bove
bonney
anderton
allgood
alderson
woodman
warrick
toomey
tooley
tarrant
summerville
sokol
searles
schutz
schumann
scheer
remillard
proulx
palmore
monroy
messier
melo
melanson
manzano
lussier
jenks
huneycutt
hartwig
grimsley
fielding
fidler
engstrom
eldred
dantzler
crandell
calder
brumley
breton
boykins
bancroft
almaraz
alcantar
welton
vineyard
rahn
paquin
mizell
mcmillin
mckean
marston
maciel
lundquist
lampkin
kranz
koski
kirkham
jiminez
hazzard
harrod
graziano
grammer
gendron
garrido
fordham
englert
dryden
demoss
deluna
crabb
comeau
brummett
blume
benally
wessel
vanbuskirk
stumpf
stockwell
reams
radtke
rackley
pelton
niemi
newland
nelsen
morrissette
miramontes
mccluskey
marchant
luevano
lampe
lail
jeffcoat
infante
hinman
gaona
eady
desmarais
decosta
dansby
cisco
breckenridge
bostwick
borg
alberts
wilkie
vargo
tait
soucy
schuman
ousley
mumford
lippert
leath
lavergne
laliberte
kirksey
kenner
johnsen
izzo
hiles
gullett
greenwell
gaspar
galbreath
gaitan
ericson
delapaz
croom
cottingham
clift
bushnell
beason
arrowood
waring
voorhees
truax
shreve
schatz
sandifer
rozier
roseberry
pieper
peden
nester
nave
murphey
malinowski
macgregor
lafrance
kunkle
kirkman
hipp
hasty
gervais
gerdes
gamache
fouts
fitzwater
dillingham
deming
deanda
cedeno
cannady
burson
bouldin
arceneaux
wescott
welty
weigel
torgerson
toms
surber
sunderland
sterner
setzer
riojas
pumphrey
puga
metts
mcgarry
mccandless
magill
lupo
loveland
llamas
leclerc
kahler
huss
heintz
haupt
grimmett
ellingson
dorr
dingess
deweese
desilva
crossley
cordeiro
converse
conde
caldera
cairns
burmeister
burkhalter
bott
youngs
vierra
shrum
shropshire
sevilla
rusk
rodarte
pedraza
nino
merino
mcminn
markle
mapp
lajoie
koerner
kittrell
kato
hyder
heiser
hazlett
greenwald
fant
eldredge
dreher
cravens
beecher
aronson
alanis
worthen
wojcik
winger
valverde
valdivia
troupe
thrower
swindell
suttles
stroman
spires
slate
shealy
sarver
sartin
sadowski
rondeau
rolon
rascon
priddy
paulino
nolte
munroe
molloy
mciver
lykins
lenoir
klotz
kempf
hupp
haynie
harkness
harker
gottlieb
frith
eddins
driskell
doggett
densmore
charette
byrum
burcham
buggs
benn
warrington
vandusen
vaillancourt
steger
siebert
scofield
quirk
purser
plumb
orcutt
nordstrom
mosely
michalski
mcphail
mcdavid
mccraw
marchese
mannino
lefevre
largent
lanza
kress
isham
hunsaker
guarino
grijalva
fick
ewell
ewald
crumley
coston
cathcart
bullington
bowes
blain
barboza
yingling
wert
weiland
varga
silverstein
sievers
shuster
shumway
runnels
rumsey
renfroe
provencher
polley
mohler
middlebrooks
kutz
koster
groth
glidden
fazio
deen
chipman
chenoweth
champlin
cedillo
carmody
brien
boutin
bosch
berkowitz
altamirano
wilfong
wiegand
waites
truesdale
toussaint
tobey
tedder
steelman
sirois
schnell
richburg
plumley
pizarro
piercy
ortego
oberg
neace
mertz
mcnew
matta
lapp
lair
kibler
hatten
hagler
falgoust
engelhardt
eberle
dombrowski
dinsmore
daye
casares
balch
autrey
wendel
tyndall
strobel
stoltz
spinelli
serrato
reber
rathbone
palomino
nickels
mayle
mathers
mach
loeffler
littrell
levinson
leong
lemire
lejeune
lazo
lasley
koller
kennard
hintz
greaves
eudy
engler
corrales
cordes
brunet
bennet
tyrrell
tharpe
swinton
stribling
southworth
savoie
samons
ruvalcaba
ries
ramer
omara
mosqueda
millar
mcpeak
macomber
litton
lehr
lavin
hubbs
hibbs
hagans
exum
evenson
culler
carbaugh
callen
bloomer
blakeney
addington
woodford
unruh
tolentino
sumrall
stgermain
smock
sherer
rayner
oquinn
mcglothlin
linden
kowal
kerrigan
harvell
hanrahan
goodall
geist
ferebee
eley
eggert
dorsett
dingman
destefano
colucci
clemmer
brumbaugh
berryhill
avelar
alcantara
winder
vandenberg
trotman
thurber
thibeault
stlouis
stilwell
sperling
sarmiento
ruppert
renaud
randazzo
rademacher
quiles
pearman
palomo
mercurio
lowrey
lindeman
lawlor
larosa
lander
labrecque
henninger
hawkes
hartfield
hann
hague
genovese
garrick
frink
eddings
dinh
cribbs
calvillo
bunton
brodeur
bolding
blanding
agosto
zahn
wiener
trussell
tello
teixeira
sharma
shanklin
sealy
scanlan
santamaria
roundy
ringer
rigney
prevost
polson
nord
moxley
medford
mccaslin
mcardle
macarthur
lewin
lasher
ketcham
keiser
heine
hackworth
grose
grizzle
gillman
gartner
frazee
fleury
edson
edmonson
derry
cronk
conant
burress
broom
brockington
bolick
boger
baily
bahena
armbruster
anson
wilcher
tinney
timberlake
thielen
sutphin
stultz
sikora
serra
schulman
scheffler
santillan
rego
preciado
pinkham
mickle
lomas
lizotte
lent
kellerman
keil
johanson
hernadez
hartsfield
haber
gorski
farkas
eberhardt
duquette
delano
cropper
cozart
chamblee
cartagena
buzzell
brister
brewton
benfield
aston
arruda
wetmore
weise
vaccaro
tucci
sudduth
stromberg
stoops
shears
runion
rowden
rosenblum
riffle
renfrow
peres
obryant
leftwich
lark
kistler
kerley
kastner
hartung
guertin
govan
gatling
gailey
flatt
esquibel
endicott
edmiston
edelstein
dufresne
dressler
chee
busse
bonnett
berard
yoshida
velarde
veach
tolson
tolman
tennyson
soler
shutt
ruggles
pegues
neese
muro
moncrief
mefford
mcphee
mcmorris
mceachern
mcclurg
mansour
leija
lecompte
lafountain
labrie
jaquez
heald
hash
hartle
gainer
frisby
farina
eidson
edgerton
durrett
cuomo
cobos
cervantez
bybee
brockway
borowski
beery
arguello
amaro
acton
yuen
winton
wigfall
weekley
vidrine
vannoy
shilling
schick
safford
prendergast
pilgrim
pellerin
osuna
nissen
nalley
moller
messner
merrifield
mcguinness
matherly
marcano
lemos
lebrun
jara
herren
hecker
haws
haug
gwin
gilliard
fredette
favela
echeverria
donofrio
desrochers
crozier
corson
bechtold
argueta
aparicio
zamudio
westover
westerman
utter
troyer
thies
tapley
shirk
sandler
roop
rimmer
raymer
radcliff
otten
moorer
millet
mckibben
mccutchen
mcavoy
mcadoo
mastin
martineau
marek
leflore
kroeger
kennon
jimerson
hendley
hance
guardado
granado
gowen
goodale
flinn
fleetwood
fitz
durkee
duprey
dipietro
dilley
beckley
arana
weatherby
vollmer
vestal
tunnell
trigg
tingle
takahashi
sweatt
storer
snapp
rooker
rathbun
poisson
perrine
perri
parmer
parke
pare
papa
palmieri
midkiff
mecham
mccomas
mcalpine
lovelady
lillard
lally
knopp
kile
kiger
haile
gupta
goldsberry
gilreath
friesen
franzen
flack
findlay
ferland
dreyer
dore
dennard
deckard
debose
crim
coulombe
chancey
cantor
barns
woolard
witham
spiegel
ruch
rossman
petry
palacio
paez
neary
mortenson
millsap
miele
menke
mckim
martines
lemley
klaus
klatt
kaufmann
kapp
helmer
hedge
halloran
glisson
frechette
fontana
eagan
distefano
danley
creekmore
chartier
chaffee
carillo
burg
bolinger
berkley
benz
bash
zelaya
woodring
witkowski
wilmot
wilkens
wieland
verdugo
urquhart
tsai
timms
swiger
swaim
sussman
pires
molnar
mcatee
lowder
loos
linker
landes
kingery
hufford
higa
hendren
hammack
hamann
gillam
gerhardt
edelman
delk
deans
curl
constantine
cleaver
claar
carlyle
brophy
bolanos
bessette
beggs
baugher
bartel
averill
andresen
amin
adames
valente
turnbow
swink
sublett
stroh
stringfellow
ridgway
ohare
neubauer
murchison
mingo
lemmons
kwon
kellam
kean
jarmon
hyden
hudak
henkel
hemingway
hansel
halter
haire
gillispie
fogel
flory
etter
elledge
eckman
deas
currin
crafton
coomer
colter
claxton
bulter
bowyer
bellows
baskerville
barros
ansley
woolf
wight
waldman
wadley
tull
trull
tesch
stouffer
stadler
slay
shubert
sedillo
santacruz
reinke
poynter
neri
neale
mowry
monger
merryman
manion
macdougall
levitt
lepage
lasalle
kavanagh
karns
ivie
huebner
halpin
garica
eversole
dutra
dunagan
duffey
dillman
dillion
dearborn
damato
courson
coulson
burdine
bousquet
bonin
atencio
westbrooks
wages
vaca
toner
tillis
swett
struble
stanfill
solorzano
slusher
sipple
silvas
shults
schexnayder
saez
rodas
rager
pulver
penton
paniagua
meneses
mcfarlin
mcauley
matz
maloy
magruder
lohman
landa
lacombe
jaimes
heil
hackler
grundy
gilkey
farnham
durfee
dunton
dunston
duda
dews
craver
corriveau
conwell
colella
chambless
bremer
boutte
blaisdell
backman
audette
alleman
taveras
tarango
sullins
suiter
solberg
schlueter
poulos
pimental
owsley
okelley
metcalfe
meekins
medellin
mcglynn
mccowan
marriott
lennox
lamoureux
koss
kerby
karp
isenberg
highsmith
hallmark
gusman
greeley
giddings
gaudet
gallup
fleenor
eicher
edington
dimaggio
dement
demello
decastro
bushman
brundage
brooker
bourg
bergmann
beaton
banister
argo
appling
wortman
watterson
villalpando
tillotson
tighe
sundberg
sternberg
stamey
shipe
seeger
scarberry
sattler
sain
rothstein
plowman
pettiford
penland
partain
pankey
oyler
ogletree
moton
merkel
lucier
lakey
kratz
kinser
kershaw
josephson
hendry
hammon
frawley
fraga
eskew
emmert
drennan
doyon
dandridge
cawley
carvajal
belisle
batey
ahner
wysocki
weiser
veliz
tincher
sansone
sankey
sandstrom
rohrer
risner
pridemore
pfeffer
persinger
oubre
nowicki
musgrave
murdoch
mullinax
mccary
mathieu
livengood
klink
kimes
kellner
kavanaugh
kasten
imes
hinshaw
hake
gurule
grube
grillo
geter
gatto
garver
garretson
farwell
eiland
dunford
decarlo
corso
colman
collard
chasteen
cavender
carlile
calvo
byerly
brogdon
broadwater
breault
bono
behr
ballenger
amick
tamez
stiffler
steinke
simmon
shankle
schaller
salmons
sackett
saad
rideout
ratcliffe
ranson
plascencia
petterson
olszewski
olney
olguin
nilsson
nevels
morelli
montiel
monge
michaelson
mertens
mcchesney
mcalpin
mathewson
loudermilk
lineberry
liggett
kinlaw
kight
jost
hereford
hardeman
halpern
halliday
hafer
gaul
friel
freitag
forsberg
evangelista
doering
dicarlo
dendy
delp
deguzman
curtiss
cosper
cauthen
bouton
bonnell
beveridge
bedwell
bannon
baltazar
baier
ayotte
attaway
arenas
abrego
turgeon
tunstall
thaxton
tenorio
stotts
sthilaire
shedd
scalf
salyers
ruhl
rowlett
perlman
pepe
parkman
nunnally
norvell
napper
modlin
mckellar
mcclean
mascarenas
leibowitz
ledezma
kuhlman
kobayashi
hunley
hinkley
hazard
hartsell
gribble
gravely
fifield
eliason
doak
crossland
carleton
bridgeman
bojorquez
boggess
auten
woosley
wexler
twomey
tullis
standridge
santoyo
rueda
riendeau
revell
pless
ottinger
nickles
mulvey
menefee
mcshane
mcloughlin
mckinzie
markey
lockridge
lipsey
knisley
knepper
kitts
kiel
jinks
gallego
fikes
fecteau
estabrook
ellinger
dunlop
dudek
countryman
chauvin
chatham
bullins
boughton
bloodworth
baucom
armitage
alessi
absher
abbate
zito
woolery
wiggs
wacker
tynes
tolle
telles
tarter
swarey
strode
stockdale
stalnaker
spina
schiff
saari
risley
rameriz
rakes
pettaway
penner
paulus
omeara
montelongo
melnick
mehta
mcgary
mccourt
mccollough
marchetti
manzanares
lowther
leiva
lauderdale
lafontaine
kowalczyk
joubert
jaworski
huth
hurdle
hackman
gulick
gordy
gilstrap
gehrke
gebhart
gaudette
foxworth
endres
dunkle
cimino
caddell
bodine
belden
backer
ayer
andress
wisner
vuong
valliere
twigg
tavarez
strahan
steib
staub
sowder
seiber
schutt
scharf
schade
rodriques
risinger
renshaw
rahman
presnell
piatt
nieman
nevins
mcilwain
mcgaha
mccully
mccomb
macedo
lesher
jauregui
husted
hudnall
hertel
glidewell
frausto
dalessandro
dahlgren
corum
constantino
conlin
colquitt
colombo
claycomb
cardin
buller
boney
bocanegra
benedetto
araiza
andino
zorn
werth
weisman
walley
vanegas
ulibarri
towe
tedford
teasley
suttle
steffens
stcyr
squire
singley
schram
rieger
rickert
richerson
rayborn
rabe
raab
pendley
pastore
ordway
moynihan
mellott
mcgann
mccready
mauney
marrufo
lenhart
lazar
lafave
keele
kautz
jardine
jahnke
jacobo
hardcastle
hageman
giglio
gehring
fortson
duque
duplessis
deitz
dalessio
cram
castleman
candelario
callison
caceres
bozarth
bejarano
bashaw
avina
armentrout
alverez
acord
vereen
vanlandingham
strawser
severance
seltzer
schaub
schaffner
roeder
rodrigez
riffe
rasberry
rancourt
railey
quade
pursley
prouty
perdomo
oxley
osterman
nickens
murphree
mounts
merida
maus
mattern
martinelli
mangan
lutes
ludwick
loney
laureano
lasater
kissinger
kimsey
kessinger
heyer
gurrola
gove
gillett
galan
featherstone
eckhardt
duron
dunson
dasher
culbreth
cowden
cowans
caviness
cater
caston
byington
burkey
boden
beckford
archambault
alvey
alsup
whisenant
weese
voyles
verret
tsang
tessier
sweitzer
sherwin
shaughnessy
revis
remy
prine
peavy
paynter
parmenter
ovalle
newlin
nakano
myatt
muth
mohan
mcmillon
mccarley
mccaleb
maxson
marinelli
maley
liston
letendre
kain
huntsman
hirst
hagerty
gulledge
greenway
grajeda
gorton
goines
gittens
frederickson
fanelli
embree
eichelberger
dunkin
dillow
defelice
chumley
burleigh
borkowski
berglund
beller
audet
alfano
youngman
wittman
weintraub
vanzant
vaden
twitty
stollings
standifer
sines
scalise
saville
posada
pisano
otte
nolasco
mier
merkle
mendiola
melcher
mejias
mcmurry
markowitz
manis
mallette
macfarlane
lough
looper
landin
kittle
kinsella
kinnard
helman
hartsock
halford
hage
gordan
gattis
gastelum
gaspard
frisch
fitzhugh
eckstein
eberly
dowden
despain
crotty
cornelison
chamness
catlin
cann
bumgardner
budde
borst
bazan
banas
bade
arango
ahearn
addis
zumwalt
wurth
wilk
widener
urrutia
terwilliger
tart
steinman
staats
sloat
rives
riggle
revels
reichard
poff
pitzer
petro
pell
northrup
nicks
moline
mielke
maynor
mallon
magness
lingle
lindell
lieb
lesko
lebeau
lammers
lafond
kiernan
ketron
jurado
hayashi
hashimoto
harbaugh
guillot
gard
froehlich
feinberg
falco
dufour
drees
doney
delao
daves
dail
crowson
coss
congdon
carner
camarena
burlingame
bouffard
bloch
barta
bakke
baillargeon
avent
aquilar
zeringue
yarber
wolfson
vogler
voelker
truss
troxell
thrift
strouse
spielman
sistrunk
sevigny
schuller
schaaf
ruffner
routh
roseman
ricciardi
peraza
pegram
overturf
olander
odaniel
millner
maroney
machuca
macaluso
livesay
layfield
laskowski
kwiatkowski
kilby
heywood
hayman
havard
harville
haigh
hagood
grieco
gebhardt
fleischer
fann
elson
eccles
cunha
crumb
blakley
bardwell
abshire
woodham
wines
welter
wargo
varnado
tutt
traynor
swaney
stricker
stoffel
stambaugh
shackleford
selman
seaver
sansom
sanmiguel
royston
rourke
rockett
rioux
puleo
nardi
mulvaney
middaugh
malek
leos
lathan
kujawa
kimbro
hinckley
hepler
hamner
hammel
hallowell
fricke
fewell
falkner
endsley
dulin
drennen
deaver
dambrosio
chadwell
castanon
burkes
brune
brisco
brinker
bowker
boldt
berner
beaumont
beaird
bazemore
barrick
albano
younts
wunderlich
weidman
vanness
toland
theobald
stickler
steiger
spies
spector
sollars
smedley
seibel
scoville
saito
rummel
rowles
rouleau
roos
rogan
roemer
ream
raya
purkey
priester
perreira
penick
paulin
parkins
overcash
oleson
neves
muldrow
minard
midgett
michalak
melgar
mcentire
mcauliffe
marte
lydon
leyba
langevin
lafayette
kesler
kelton
jaggers
humbert
hinrichs
higley
gupton
guimond
gravois
giguere
fretwell
fontes
feeley
faucher
ecker
earp
dole
dinger
derryberry
demars
deel
copenhaver
collinsworth
colangelo
cloyd
claiborne
caulfield
carlsen
calzada
caffey
broadus
brenneman
bouie
bodnar
blaney
blanc
beltz
behling
yockey
winkle
windom
wimer
villatoro
trexler
teran
taliaferro
sydnor
swinson
snelling
smtih
simonton
simoneaux
simoneau
sherrer
seavey
scheel
rushton
rupe
ruano
rippy
reiner
reiff
quach
penley
odle
nock
minnich
mccarver
mcandrew
longley
laux
lamothe
lafreniere
kropp
krick
kates
jepson
huie
henriques
haydon
haught
hatter
hartzog
harkey
grimaldo
gormley
gilroy
gillenwater
giffin
feder
eyre
eshelman
eakins
detwiler
delrosario
davisson
catalan
canning
calton
blakney
bartell
averett
askins
aker
witmer
winkelman
widmer
weitzel
wardell
wagers
ullman
tupper
tingley
tilghman
talton
simard
seda
sala
rundell
rost
ribeiro
primm
pinon
peart
ostrom
ober
nystrom
nussbaum
naughton
murr
moorhead
monti
monteiro
melson
meissner
mclin
mcgruder
marotta
makowski
lunt
leininger
lebel
lakin
kepler
jaques
hunnicutt
hungerford
hertz
heins
halliburton
gravitt
glasper
gallman
falgout
eakin
dostie
dorado
dewberry
cutshall
crampton
costanzo
colletti
cloninger
claytor
chiang
campagna
burd
brokaw
broaddus
bretz
alpert
aitken
ahlers
zajac
woolfolk
witten
windle
wayland
tramel
talavera
suter
straley
specht
sommerville
soloman
skeens
sigman
sibert
schmit
sartain
rosenblatt
rollo
rashid
rabb
polston
nyberg
northrop
navarra
muldoon
mikesell
mcdougald
mariscal
lozier
lingerfelt
legere
latour
lacour
kurth
kiely
kayser
kahle
isley
huertas
hinz
haugh
gumm
galicia
fortunato
flake
dunleavy
doby
digiovanni
devaney
deltoro
cribb
corpuz
coronel
coen
charbonneau
caine
burchette
blakey
blakemore
bergquist
beene
beaudette
bayles
bakker
bailes
asberry
arwood
willman
wald
walcott
vancleave
simas
shick
schleicher
schaal
saleh
rotz
resnick
rainer
partee
ollis
oller
oday
noles
munday
mong
millican
merwin
mazzola
mansell
llanes
lewellen
lepore
kisner
keesee
jeanlouis
ingham
hartz
harber
haffner
gutshall
guth
grays
gowan
finlay
finkelstein
eyler
enloe
dungan
dearman
cull
crosson
chronister
campion
callihan
butz
breazeale
blumenthal
berkey
batty
batton
arvizu
alderete
aldana
albaugh
abernethy
wolter
wille
tweed
tollefson
teter
sproul
spates
southwick
skelly
senter
sealey
sawicki
sargeant
rossiter
rosemond
repp
pifer
ormsby
nickelson
naumann
monzon
millsaps
millen
mcelrath
marcoux
mantooth
macneil
mackinnon
louque
leister
lampley
kushner
krouse
kirwan
jessee
janson
jahn
jacquez
islas
hutt
hillyer
hensel
harrold
geis
gales
finnell
ferri
featherston
epley
ebersole
eames
drye
devaughn
delorenzo
damiano
confer
collum
clower
clow
claussen
clack
caylor
casias
carreno
bluhm
bewley
belew
beckner
auld
amey
wolfenbarger
wilkey
wicklund
waltman
villalba
valdovinos
ullrich
tyus
twyman
trost
stripling
steinbach
shumpert
sasaki
sappington
reinert
quijano
placencia
pinkard
phinney
perrotta
pernell
parrett
oxendine
owensby
orman
nuno
mori
mcroberts
mcneese
mckamey
mccullum
markel
mardis
maines
lueck
lefler
leffler
larios
labarbera
kershner
josey
izaguirre
hermosillo
haviland
hafner
getty
franck
fiske
dufrene
doody
davie
dangerfield
dahlberg
cuthbertson
crone
coffelt
chidester
chesson
cauley
caudell
cantara
campo
caines
bullis
bucci
brochu
bogard
benning
arzola
antonelli
adkinson
zellers
wulf
worsley
woolridge
westerfield
walczak
truett
trueblood
trawick
topping
tobar
telford
steverson
sitton
sill
sergent
rutkowski
rubenstein
rigdon
prentiss
plumlee
philbrick
patnode
oloughlin
obregon
nuss
morell
mikell
mele
mcinerney
mcguigan
lollar
kuehl
kinzer
kamp
joplin
hedden
harty
halle
greig
gouge
goodrum
gerhart
geier
geddes
gast
ferree
fendley
feltner
esqueda
encarnacion
eichler
egger
edmundson
eatmon
doud
donelson
dilorenzo
digiacomo
delozier
dejong
danford
crippen
coppage
cogswell
clardy
cioffi
cabe
brunette
bresnahan
blomquist
bevis
bevan
bethune
benbow
baty
basinger
balcom
andes
aman
adkisson
yandell
wilds
whisenhunt
weigand
weeden
voight
villar
trottier
tillett
suazo
setser
scurry
schuh
schreck
schauer
samora
roane
rinker
reimers
ratchford
popovich
parkin
natal
melville
mcbryde
magdaleno
loehr
lockman
lingo
leduc
larocca
lamere
laclair
krall
korte
koger
jalbert
hughs
higbee
henton
heaney
haith
gump
greeson
goodloe
gasper
gagliardi
fregoso
fabrizio
ensor
elswick
eklund
eaddy
drouin
dorton
dizon
deherrera
davy
dampier
cullum
culley
cowgill
cardoso
cardinale
broadbent
brimmer
briceno
bolyard
boley
bennington
beadle
baur
ballentine
azure
aultman
arciniega
aguila
aceves
yepez
woodrum
wethington
weissman
veloz
trusty
troup
trammel
tarpley
stivers
steck
sprayberry
spiers
sohn
seagraves
schiffman
rudnick
rizo
riccio
rennie
quackenbush
puma
plott
pearcy
parada
paiz
munford
moskowitz
mease
mcnary
mccusker
lozoya
longmire
loesch
kuhlmann
krieg
koziol
kowalewski
konrad
kindle
jowers
jolin
jaco
hine
hileman
hepner
heise
heady
hawkinson
haberman
guilford
grimaldi
garton
gagliano
fruge
follett
fiscus
ferretti
ebner
easterday
eanes
dirks
dimarco
depalma
cruce
craighead
candler
cadwell
buettner
brinton
bova
bomar
blakeslee
belknap
bangs
balzer
athey
armes
alvis
alverson
alvardo
yeung
wheelock
westlund
wessels
volkman
threadgill
thelen
tague
symons
swinford
sturtevant
straka
stier
stagner
segarra
seawright
rutan
roux
ringler
riker
ramsdell
quattlebaum
purifoy
poulson
permenter
peloquin
pasley
pagel
osman
obannon
nygaard
newcomer
munos
motta
meadors
mcquiston
mcniel
mcmann
mccrae
mayne
matte
legault
lechner
kucera
krohn
kratzer
koopman
jeske
hibbler
hesson
hersh
harvin
halvorsen
griner
grindle
gladstone
garofalo
frampton
eddington
diorio
dingus
dewar
desalvo
curcio
creasy
cortese
cordoba
connally
cluff
cascio
capuano
canaday
calabro
bussard
borja
arnone
arguelles
acuff
zamarripa
wooton
widner
wideman
threatt
thiele
templin
teeters
synder
swint
swick
sturges
stogner
stedman
spratt
siegfried
shetler
scull
savino
sather
rothwell
rook
rone
rhee
quevedo
privett
pouliot
poche
pickel
petrillo
pellegrini
peaslee
partlow
otey
nunnery
morelock
morello
meunier
messinger
mckie
mccarron
lerch
lavine
laverty
lariviere
lamkin
kugler
krol
kissel
keeter
hubble
hickox
hetzel
hayner
hagy
hadlock
groh
gottschalk
goodsell
garrard
galligan
firth
fenderson
feinstein
etienne
engleman
emrick
ellender
drews
doiron
degraw
deegan
dart
crissman
corr
cookson
coil
cleaves
charest
chapple
castano
carpio
byer
bufford
bridgewater
bridgers
bonanno
aube
ancheta
abarca
abad
wooster
wimbush
willhite
willams
wigley
weisberg
wardlaw
vigue
unknow
torre
tasker
tarbox
strachan
slover
shamblin
semple
schuyler
schrimsher
sayer
salzman
rubalcava
riles
reneau
reichel
rayfield
pyatt
prindle
poss
polito
plemmons
pesce
perrault
pereyra
ostrowski
nilsen
niemeyer
munsey
mundell
moncada
miceli
meader
mcmasters
mckeehan
matsumoto
marron
marden
lizarraga
lingenfelter
lewallen
langan
lamanna
kovac
kinsler
kephart
kammerer
jeffreys
hysell
hardnett
hanner
guyette
greening
glazer
fromm
fluellen
finkle
fessler
essary
eisele
duren
dittmer
crochet
cosentino
cogan
cavin
carrizales
campuzano
brough
bopp
bookman
bobb
blouin
beesley
battista
bascom
bakken
badgett
arneson
anselmo
woodyard
wolters
wireman
willison
warman
waldrup
vowell
twombly
toomer
tennison
teets
tedeschi
swanner
stutz
stelly
sheehy
scala
sandidge
salters
salo
saechao
roseboro
rolle
ressler
renz
renn
redford
raposa
rainbolt
pelfrey
orndorff
oney
nolin
nimmons
nardone
myhre
morman
menjivar
mcglone
mccammon
maxon
marciano
lowrance
lorenzen
lonergan
lollis
littles
lindahl
lamas
lach
kuster
krawczyk
knuth
knecht
kirkendall
keitt
keever
kantor
jarboe
hickok
helwig
helgeson
harner
hamman
hames
hadfield
goree
goldfarb
gaughan
gaudreau
gantz
gallion
frady
foti
flesher
ferrin
faught
engram
donegan
desouza
degroot
cutright
crowl
criner
coan
clinkscales
carlock
bulger
buenrostro
boulware
bookout
baranowski
baisden
allmon
acklin
wilbourn
whisler
weinberger
washer
vasques
vanzandt
vanatta
troxler
tomes
tindle
tims
throckmorton
thach
stpeter
stlaurent
stenson
spry
songer
snavely
shroyer
shenk
sevier
seabrook
scrivner
saltzman
rosenberry
rockwood
robeson
roan
reiser
ramires
raber
posner
popham
piotrowski
pinard
peterkin
pelham
peiffer
peay
nadler
musso
millett
mestas
mcgowen
marques
marasco
manriquez
manos
mair
lipps
leiker
krumm
knorr
kinslow
kessel
kendricks
kelm
irick
ickes
hurlburt
heuer
helmuth
heatherly
hampson
hagar
haga
greenlaw
grau
gibb
gauvin
garrow
fontanez
florio
finke
fasano
ezzell
ewers
eveland
eckenrode
duclos
drumm
dimmick
delancey
defazio
dashiell
cusack
crowther
cray
coolidge
coldiron
cleland
chalfant
camire
broomfield
brittingham
brisson
brickey
boulanger
boman
bohannan
beem
barre
azar
ashbaugh
armistead
almazan
adamski
zendejas
willaims
westberry
wentzel
wendling
visser
vanscoy
vankirk
vallee
tweedy
sweeny
spradling
spano
smelser
shim
schall
scaife
rugg
rothrock
roesler
riehl
ridings
render
ransdell
radke
petree
pendergast
peluso
pecoraro
pascoe
panek
oshiro
navarrette
murguia
moores
moberg
michaelis
mcwhirter
mcsweeney
mcquade
mccay
mariani
marceau
maeda
lunde
ludlow
loeb
lindo
linderman
leveille
leith
larock
lambrecht
kulp
kinsley
kimberlin
kesterson
helfrich
hanke
grisby
gouveia
glazier
gile
gerena
gelinas
gasaway
flynt
fenske
fellers
fehr
eslinger
escalera
enciso
duley
dittman
dineen
diller
devault
collings
clymer
clowers
charland
castorena
castello
camargo
bunce
bullen
boyes
borchers
borchardt
benites
bankhead
ange
ammerman
adkison
winegar
wickman
warr
warnke
villeneuve
veasey
vannatta
vadnais
twilley
towery
tomblin
tippett
theiss
talkington
talamantes
swart
swanger
streit
stines
stabler
spurling
sine
simmers
shippy
shiflett
shearin
sauter
sanderlin
rusch
runkle
rorie
roesch
richert
rehm
randel
quesenberry
puentes
plyler
plotkin
paugh
oshaughnessy
ohalloran
norsworthy
niemann
nader
moorefield
mooneyham
modica
miyamoto
mickel
mebane
mckinnie
mazurek
mancilla
lovins
loughlin
lotz
lindsley
liddle
levan
lederman
leclaire
lapoint
lamoreaux
lafollette
kirtley
keffer
kaczmarek
hiers
hibbert
herrod
hegarty
greenhaw
grafton
govea
franko
forcier
foran
flickinger
fairfield
eure
emrich
embrey
ecklund
eckard
durante
deyo
delvecchio
dade
currey
creswell
cottrill
casavant
cartier
cargile
capel
cammack
calfee
burse
burruss
brust
brousseau
bridwell
bloomquist
bjork
bartelt
amburgey
yeary
vinyard
vanvalkenburg
timmins
tapper
stringham
starcher
slaugh
simonsen
sheffer
sequeira
rosati
rhymes
quint
pollak
peirce
patillo
parkerson
paiva
nilson
nevin
narcisse
mitton
merriam
merced
meiners
mckain
mcelveen
mcbeth
marsden
marez
manke
mahurin
mabrey
luper
krull
hinnant
heston
hering
hemenway
hegwood
hearns
halterman
guiterrez
grote
granillo
grainger
glasco
gilder
garren
garlock
garey
fryar
fredricks
fraizer
foshee
ferrel
felty
everitt
evens
esser
elkin
eberhart
durso
duguay
doster
dewall
deveau
demps
demaio
delreal
deleo
darrah
culberson
cranmer
cordle
colgan
chesley
cavallo
castellon
castelli
carreras
carnell
carlucci
bontrager
blumberg
blasingame
becton
artrip
andujar
alkire
alder
wroblewski
wrigley
woodside
westman
westgate
werts
washam
wardlow
walser
waiters
tadlock
stringfield
stimpson
stickley
standish
spurlin
spindler
speller
spaeth
sotomayor
sluder
shryock
shepardson
scannell
santistevan
rosner
resto
reinhard
prisco
poulsen
pinney
phares
pennock
pastrana
oviedo
ostler
nauman
mulford
moise
moberly
mirabal
metoyer
mentzer
meldrum
mcinturff
mcelyea
mcdougle
lumpkins
loveday
lofgren
lirette
lesperance
lefkowitz
ledger
lauzon
lachapelle
keough
kempton
kaelin
jeffords
hsieh
haskin
gourdine
golightly
girouard
fritsch
freer
frasher
foulk
fiorentino
fedor
ensley
englehart
eells
dunphy
dileo
dibenedetto
dabrowski
crick
conder
coddington
chunn
chaput
cerna
carreiro
calahan
bourdon
bollman
bauder
barreras
anzalone
adamo
zerbe
willcox
westberg
weikel
waymire
vroman
vinci
vallejos
truesdell
troutt
trotta
tollison
toles
tichenor
symonds
surles
strayer
stgeorge
sroka
sorrentino
solares
snelson
silvestri
sikorski
shawver
schumaker
satterlee
rymer
roselli
riegel
regis
reames
provenzano
priestley
plaisance
pettey
palomares
nowakowski
monette
minyard
mclamb
mccarroll
magoon
lundin
licata
leonhardt
landwehr
kircher
kinch
karpinski
johannsen
hussain
hiebert
geissler
gadbois
gabaldon
fleshman
fairman
eilers
dycus
dunmire
duffield
dowler
deloatch
dehaan
deemer
clayborn
chilson
chesney
chatfield
carron
brigman
bosse
borton
bonar
barroso
arispe
zacharias
zabel
yaeger
woolford
whetzel
weakley
veatch
vandeusen
tufts
troxel
troche
traver
talarico
swilley
sterrett
stenger
speakman
sowards
sours
souders
souder
soles
snoddy
smither
shute
shahan
schuetz
santini
rosson
rolen
rentas
recio
pixley
pawlowski
pawlak
paull
overbey
orear
oliveri
oldenburg
nutting
naugle
mossman
misner
milazzo
michelson
mcentee
mccullar
mccree
mcaleer
mazzone
mandell
manahan
malott
maisonet
mailloux
lumley
lowrie
louviere
lipinski
lindemann
leppert
leasure
labarge
knisely
knepp
kenworthy
kennelly
kelch
kanter
heitman
gwaltney
goulding
gorden
geraci
gathers
frison
falconer
espada
erving
erikson
eisenhauer
ebeling
dowdle
delcastillo
dedrick
crimmins
covell
cournoyer
coria
cohan
cataldo
carpentier
canas
campa
brode
blaser
bednar
barwick
ascencio
almodovar
alamo
zirkle
zabala
wolverton
winebrenner
wetherell
westlake
wegener
weddington
tuten
trosclair
tressler
teske
swinehart
swensen
sundquist
southall
socha
sizer
silverberg
shimizu
sherrard
shaeffer
scheid
scheetz
saravia
sanner
rozell
romer
rheaume
reisinger
randles
pullum
petrella
payan
nordin
norcross
nicoletti
newbold
nakagawa
monteith
milstead
milliner
mellen
mccardle
liptak
latimore
larrison
landau
koval
izquierdo
hymel
hayworth
hausman
harrill
harrel
hardt
gully
groover
grinnell
greenspan
graver
grandberry
gorrell
goldenberg
goguen
gilleland
feldmann
everly
dyess
dolby
cosey
cheever
celaya
caver
cashion
caplinger
cansler
byrge
bruder
breuer
breslin
botkin
bonneau
bondurant
bohanan
bogue
bodner
boatner
blatt
belliveau
beiler
beier
beckstead
bachmann
atkin
altizer
alloway
albro
abron
zellmer
yetter
yelverton
wiens
whidden
viramontes
vanwormer
tarantino
tanksley
sumlin
strauch
strang
stice
spahn
sigala
shrout
seamon
schrum
schneck
schantz
ruddy
romig
roehl
renninger
reding
polak
pohlman
pasillas
oldfield
oldaker
ohanlon
ogilvie
norberg
nolette
neufeld
nellis
mummert
mulvihill
mullaney
monteleone
mendonca
meisner
mcmullan
mccluney
mattis
manfredi
luedtke
lounsbury
liberatore
lamphere
laforge
jourdan
iorio
ikeda
hubler
haslam
haralson
hanshaw
hannum
haden
garnes
garces
gammage
finkel
faucett
ehrhardt
eggen
dusek
durrant
dubay
dones
depasquale
delucia
degraff
decamp
davalos
cullins
conard
clouser
clontz
chappel
chaffins
celis
carwile
byram
bruggeman
bressler
boose
blosser
bertsch
bernardi
bernabe
bengtson
barrette
alday
albee
yarnell
wiltse
wiebe
waguespack
upham
turek
traxler
torain
tomaszewski
tinnin
tiner
tindell
styron
stahlman
staab
skiba
sheperd
seidl
secor
schutte
sanfilippo
ruder
rondon
rearick
procter
prochaska
pettengill
pauly
neilsen
nally
mullenax
morano
meads
mcnaughton
mcmurtry
mcmath
mckinsey
matthes
marlar
margolis
malin
magallon
mackin
lovette
loughran
loring
longstreet
loiselle
lenihan
kunze
koepke
kerwin
kalinowski
kagan
innis
innes
heinemann
harshman
haider
haack
grondin
grissett
greenawalt
goudy
goodlett
goldston
gokey
gardea
galaviz
gafford
gabrielson
fordyce
folger
elizalde
ehlert
eccleston
ealey
deschamps
delapena
decicco
debolt
cullinan
crittendon
crase
cossey
coppock
coots
colyer
chamberland
burkhead
bumpus
buchan
borman
berardi
benda
behnke
barter
amezquita
wotring
wirtz
wingert
wiesner
weyant
wainscott
venezia
varnell
tussey
thurlow
tabares
stiver
stell
starke
stanek
sisler
sinnott
siciliano
shehan
selph
seager
scurlock
scranton
santucci
saltsman
rogge
rettig
renwick
reidy
reider
redfield
premo
parente
paolucci
palmquist
ohler
netherton
mutchler
morita
mistretta
minnis
middendorf
menzel
mendosa
mendelson
meaux
mcspadden
mcquaid
mcnatt
maney
mager
lopresti
liriano
letson
lechuga
lazenby
lauria
larimore
krupp
krupa
kopec
kinchen
kifer
kerney
kerner
kennison
kegley
karcher
justis
johson
jellison
janke
huskins
hinojos
hefley
hatmaker
harte
halloway
hallenbeck
goodwyn
glaspie
geise
fryman
frakes
fraire
farrer
enlow
engen
ellzey
eckles
earles
dunkley
drinkard
dreiling
draeger
dinardo
dills
desroches
desantiago
curlee
crumbley
coury
courtright
coffield
cleek
charpentier
cardone
caples
cantin
buntin
bugbee
bourland
beacham
banning
auguste
andreasen
amann
almon
alejo
adelman
abston
yerger
wymer
woodberry
windley
westfield
weibel
wanner
waldrep
villani
vanarsdale
utterback
triggs
topete
tolar
tigner
tauber
tarvin
tally
swiney
sweatman
studebaker
stennett
starrett
stannard
stalvey
sonnenberg
smithey
sieber
shinault
segars
sanger
rothe
rizzi
restrepo
ralls
ragusa
quiroga
oropeza
okane
mudge
mozingo
molinaro
mcvicker
mcgarvey
mcfalls
mccraney
matus
magers
llanos
livermore
linehan
leitner
laymon
lawing
lacourse
kwong
kollar
kneeland
kennett
kellett
kangas
janzen
hutter
huling
hewes
harjo
guice
grullon
greggs
grayer
granier
grable
gowdy
giannini
gartman
garnica
ganey
gallimore
fetters
fergerson
farlow
exley
esteves
enders
edenfield
easterwood
drakeford
dipasquale
desousa
deshields
deeter
dedmon
debord
daughtery
cutts
courtemanche
coursey
copple
coomes
collis
clopton
chaidez
castrejon
burbach
bulloch
buchman
bruhn
blough
baynes
barstow
zeman
zackery
yardley
wulff
wilken
wiliams
wickersham
wible
whipkey
wedgeworth
walmsley
walkup
vreeland
verrill
umana
traub
swingle
summey
stroupe
stockstill
steffey
stefanski
statler
stapp
speights
solari
soderberg
shunk
shewmaker
sheilds
schiffer
schank
schaff
sagers
riser
rickett
reale
raglin
polen
plata
percival
palen
orona
oberle
nocera
navas
nault
mullings
montejano
monreal
minick
middlebrook
meece
mcmillion
mccullen
maillet
mahaney
magner
maclin
lucey
litteral
lippincott
leite
leaks
lamarre
jurgens
jerkins
jager
hurwitz
hughley
hipps
hessler
hermanson
hepworth
hedlund
harkless
haigler
gutierez
glantz
giardina
gerken
gadsden
finnerty
farnum
encinas
drakes
dennie
cutlip
curtsinger
couto
cortinas
corby
carle
carballo
brindle
borum
bober
blagg
berthiaume
beahm
batres
backes
axtell
atterberry
alvares
alegria
woodell
winfree
winbush
wiest
wesner
wamsley
wakeman
verner
truex
trafton
toman
theus
tellier
szeto
strope
stills
simkins
shuey
shaul
servin
serio
serafin
ryerson
rudder
ruark
rother
rohrbaugh
rohrbach
rohan
rogerson
risher
reeser
pryce
prokop
prins
priebe
prejean
pinheiro
petrone
petri
penson
pearlman
parikh
natoli
murakami
mullikin
mullane
motes
morningstar
mcveigh
mcgrady
mcgaughey
mccurley
marchan
manske
lusby
linde
likens
licon
lemaire
legette
laskey
laprade
laplant
kolar
kittredge
kinley
kerber
kanagy
jetton
janik
ippolito
inouye
hunsinger
hiner
hilson
hartzler
harnish
harada
hansford
halligan
hagedorn
gwynn
gudino
greenstein
greear
gracey
goudeau
goodner
gerth
gerner
frier
frenette
folmar
fleisher
fleischmann
fetzer
eisenman
earhart
dupuy
dunkelberger
drexler
dillinger
dilbeck
dewald
demby
deford
craine
chesnut
casady
carstens
carrick
carino
carignan
burman
buono
britten
boyden
boulton
borland
bohrer
blubaugh
bever
berggren
benevides
arends
amezcua
almendarez
zalewski
witzel
winkfield
vanfleet
vanetten
vandergriff
urbanski
troiano
thibodaux
straus
stoneking
stjean
stillings
speicher
smeltzer
slawson
simmonds
shuttleworth
serpa
senger
seidman
schweiger
schloss
schimmel
schechter
sayler
sabatini
ronan
rodiguez
riggleman
reamer
prunty
porath
plunk
piland
philbrook
perna
pascale
padula
oboyle
nivens
nickols
mundt
munden
montijo
mcmanis
mcgrane
mccrimmon
manzi
mangold
malick
mahar
losey
litten
leedy
leavell
ladue
krahn
kluge
junker
iversen
imler
hurtt
huizar
hubbert
heiden
hauge
hartigan
gutirrez
griffie
greenhill
gratton
granata
gottfried
gertz
gautreaux
flippen
fitzgibbon
donoghue
dildy
devers
detweiler
despres
denby
degeorge
cueto
cranston
courville
cirillo
caudillo
butera
bourdeau
bonnette